###############################################################################
#
# IAR ELF Linker V8.50.4.261/W32 for ARM                  23/Jun/2020  17:29:45
# Copyright 2007-2020 IAR Systems AB.
#
#    Output file  =
#        D:\kkaengji\stm32f405rg\USART_LCD\EWARM\USART_LCD\Exe\USART_LCD.out
#    Map file     =
#        D:\kkaengji\stm32f405rg\USART_LCD\EWARM\USART_LCD\List\USART_LCD.map
#    Command line =
#        -f C:\Users\PKNU\AppData\Local\Temp\EW62D5.tmp
#        (D:\kkaengji\stm32f405rg\USART_LCD\EWARM\USART_LCD\Obj\gpio.o
#        D:\kkaengji\stm32f405rg\USART_LCD\EWARM\USART_LCD\Obj\lcd.o
#        D:\kkaengji\stm32f405rg\USART_LCD\EWARM\USART_LCD\Obj\main.o
#        D:\kkaengji\stm32f405rg\USART_LCD\EWARM\USART_LCD\Obj\startup_stm32f405xx.o
#        D:\kkaengji\stm32f405rg\USART_LCD\EWARM\USART_LCD\Obj\stm32f4xx_hal.o
#        D:\kkaengji\stm32f405rg\USART_LCD\EWARM\USART_LCD\Obj\stm32f4xx_hal_cortex.o
#        D:\kkaengji\stm32f405rg\USART_LCD\EWARM\USART_LCD\Obj\stm32f4xx_hal_dma.o
#        D:\kkaengji\stm32f405rg\USART_LCD\EWARM\USART_LCD\Obj\stm32f4xx_hal_dma_ex.o
#        D:\kkaengji\stm32f405rg\USART_LCD\EWARM\USART_LCD\Obj\stm32f4xx_hal_exti.o
#        D:\kkaengji\stm32f405rg\USART_LCD\EWARM\USART_LCD\Obj\stm32f4xx_hal_flash.o
#        D:\kkaengji\stm32f405rg\USART_LCD\EWARM\USART_LCD\Obj\stm32f4xx_hal_flash_ex.o
#        D:\kkaengji\stm32f405rg\USART_LCD\EWARM\USART_LCD\Obj\stm32f4xx_hal_flash_ramfunc.o
#        D:\kkaengji\stm32f405rg\USART_LCD\EWARM\USART_LCD\Obj\stm32f4xx_hal_gpio.o
#        D:\kkaengji\stm32f405rg\USART_LCD\EWARM\USART_LCD\Obj\stm32f4xx_hal_msp.o
#        D:\kkaengji\stm32f405rg\USART_LCD\EWARM\USART_LCD\Obj\stm32f4xx_hal_pwr.o
#        D:\kkaengji\stm32f405rg\USART_LCD\EWARM\USART_LCD\Obj\stm32f4xx_hal_pwr_ex.o
#        D:\kkaengji\stm32f405rg\USART_LCD\EWARM\USART_LCD\Obj\stm32f4xx_hal_rcc.o
#        D:\kkaengji\stm32f405rg\USART_LCD\EWARM\USART_LCD\Obj\stm32f4xx_hal_rcc_ex.o
#        D:\kkaengji\stm32f405rg\USART_LCD\EWARM\USART_LCD\Obj\stm32f4xx_hal_tim.o
#        D:\kkaengji\stm32f405rg\USART_LCD\EWARM\USART_LCD\Obj\stm32f4xx_hal_tim_ex.o
#        D:\kkaengji\stm32f405rg\USART_LCD\EWARM\USART_LCD\Obj\stm32f4xx_hal_uart.o
#        D:\kkaengji\stm32f405rg\USART_LCD\EWARM\USART_LCD\Obj\stm32f4xx_it.o
#        D:\kkaengji\stm32f405rg\USART_LCD\EWARM\USART_LCD\Obj\system_stm32f4xx.o
#        D:\kkaengji\stm32f405rg\USART_LCD\EWARM\USART_LCD\Obj\usart.o
#        --redirect _Printf=_PrintfFull --redirect _Scanf=_ScanfFull
#        --no_out_extension -o
#        D:\kkaengji\stm32f405rg\USART_LCD\EWARM\USART_LCD\Exe\USART_LCD.out
#        --map
#        D:\kkaengji\stm32f405rg\USART_LCD\EWARM\USART_LCD\List\USART_LCD.map
#        --config D:\kkaengji\stm32f405rg\USART_LCD\EWARM/stm32f405xx_flash.icf
#        --semihosting --entry __iar_program_start --vfe --text_out locale)
#
###############################################################################

*******************************************************************************
*** RUNTIME MODEL ATTRIBUTES
***

CppFlavor       = *
__SystemLibrary = DLib
__dlib_version  = 6


*******************************************************************************
*** HEAP SELECTION
***

The basic heap was selected because no calls to memory allocation
functions were found in the application outside of system library
functions, and there are calls to deallocation functions in the
application.


*******************************************************************************
*** PLACEMENT SUMMARY
***

"A0":  place at address 0x800'0000 { ro section .intvec };
"P1":  place in [from 0x800'0000 to 0x80f'ffff] { ro };
define block CSTACK with size = 1K, alignment = 8 { };
define block HEAP with size = 512, alignment = 8 { };
"P2":  place in [from 0x2000'0000 to 0x2001'ffff] {
          rw, block CSTACK, block HEAP };
initialize by copy { rw };

  Section            Kind         Address    Size  Object
  -------            ----         -------    ----  ------
"A0":                                       0x188
  .intvec            ro code   0x800'0000   0x188  startup_stm32f405xx.o [1]
                             - 0x800'0188   0x188

"P1":                                      0x167d
  .text              ro code   0x800'0188   0x4ec  stm32f4xx_hal_uart.o [1]
  .text              ro code   0x800'0674    0xb4  usart.o [1]
  .text              ro code   0x800'0728     0xc  stm32f4xx_hal.o [1]
  .text              ro code   0x800'0734    0x24  stm32f4xx_hal_dma.o [1]
  .text              ro code   0x800'0758     0x2  stm32f4xx_hal_uart.o [1]
  .text              ro code   0x800'075a     0x2  stm32f4xx_hal_uart.o [1]
  .text              ro code   0x800'075c   0x10e  main.o [1]
  .text              ro code   0x800'086c   0x1ac  stm32f4xx_hal_rcc.o [1]
  .text              ro code   0x800'0a18   0x106  I64DivMod_small.o [4]
  .text              ro code   0x800'0b1e    0x14  memset.o [4]
  .text              ro code   0x800'0b34   0x1e4  stm32f4xx_hal_gpio.o [1]
  .text              ro code   0x800'0d18    0xc4  stm32f4xx_hal_cortex.o [1]
  .text              ro code   0x800'0ddc    0x34  stm32f4xx_hal.o [1]
  .text              ro code   0x800'0e10    0xb4  gpio.o [1]
  .text              ro code   0x800'0ec4   0x2b0  lcd.o [1]
  .text              ro code   0x800'1174   0x310  stm32f4xx_hal_rcc.o [1]
  .text              ro code   0x800'1484    0x40  stm32f4xx_hal.o [1]
  .text              ro code   0x800'14c4     0x2  I64DivZer.o [4]
  .text              ro code   0x800'14c8    0x66  ABImemset.o [4]
  .text              ro code   0x800'1530    0x38  stm32f4xx_hal_msp.o [1]
  .text              ro code   0x800'1568    0x38  packbits_init_single.o [4]
  .text              ro code   0x800'15a0    0x2c  system_stm32f4xx.o [1]
  .text              ro code   0x800'15cc    0x28  data_init.o [4]
  .text              ro code   0x800'15f4    0x22  fpinit_M.o [3]
  .iar.init_table    const     0x800'1618    0x10  - Linker created -
  .text              ro code   0x800'1628    0x20  stm32f4xx_it.o [1]
  .text              ro code   0x800'1648    0x10  stm32f4xx_hal.o [1]
  .text              ro code   0x800'1658    0x1e  cmain.o [4]
  .text              ro code   0x800'1676     0x4  low_level_init.o [2]
  .text              ro code   0x800'167a     0x4  exit.o [2]
  .text              ro code   0x800'1680     0xa  cexit.o [4]
  .text              ro code   0x800'168c    0x14  exit.o [5]
  .text              ro code   0x800'16a0    0x10  startup_stm32f405xx.o [1]
  .text              ro code   0x800'16b0     0xc  cstartup_M.o [4]
  .rodata            const     0x800'16bc     0x8  system_stm32f4xx.o [1]
  .text              ro code   0x800'16c4     0x4  startup_stm32f405xx.o [1]
  .text              ro code   0x800'16c8     0x4  startup_stm32f405xx.o [1]
  .text              ro code   0x800'16cc     0x4  startup_stm32f405xx.o [1]
  .text              ro code   0x800'16d0     0x4  startup_stm32f405xx.o [1]
  .text              ro code   0x800'16d4     0x4  startup_stm32f405xx.o [1]
  .text              ro code   0x800'16d8     0x4  startup_stm32f405xx.o [1]
  .text              ro code   0x800'16dc     0x4  startup_stm32f405xx.o [1]
  .text              ro code   0x800'16e0     0x4  startup_stm32f405xx.o [1]
  .text              ro code   0x800'16e4     0x4  startup_stm32f405xx.o [1]
  .text              ro code   0x800'16e8     0x4  startup_stm32f405xx.o [1]
  .text              ro code   0x800'16ec     0x4  startup_stm32f405xx.o [1]
  .text              ro code   0x800'16f0     0x4  startup_stm32f405xx.o [1]
  .text              ro code   0x800'16f4     0x4  startup_stm32f405xx.o [1]
  .text              ro code   0x800'16f8     0x4  startup_stm32f405xx.o [1]
  .text              ro code   0x800'16fc     0x4  startup_stm32f405xx.o [1]
  .text              ro code   0x800'1700     0x4  startup_stm32f405xx.o [1]
  .text              ro code   0x800'1704     0x4  startup_stm32f405xx.o [1]
  .text              ro code   0x800'1708     0x4  startup_stm32f405xx.o [1]
  .text              ro code   0x800'170c     0x4  startup_stm32f405xx.o [1]
  .text              ro code   0x800'1710     0x4  startup_stm32f405xx.o [1]
  .text              ro code   0x800'1714     0x4  startup_stm32f405xx.o [1]
  .text              ro code   0x800'1718     0x4  startup_stm32f405xx.o [1]
  .text              ro code   0x800'171c     0x4  startup_stm32f405xx.o [1]
  .text              ro code   0x800'1720     0x4  startup_stm32f405xx.o [1]
  .text              ro code   0x800'1724     0x4  startup_stm32f405xx.o [1]
  .text              ro code   0x800'1728     0x4  startup_stm32f405xx.o [1]
  .text              ro code   0x800'172c     0x4  startup_stm32f405xx.o [1]
  .text              ro code   0x800'1730     0x4  startup_stm32f405xx.o [1]
  .text              ro code   0x800'1734     0x4  startup_stm32f405xx.o [1]
  .text              ro code   0x800'1738     0x4  startup_stm32f405xx.o [1]
  .text              ro code   0x800'173c     0x4  startup_stm32f405xx.o [1]
  .text              ro code   0x800'1740     0x4  startup_stm32f405xx.o [1]
  .text              ro code   0x800'1744     0x4  startup_stm32f405xx.o [1]
  .text              ro code   0x800'1748     0x4  startup_stm32f405xx.o [1]
  .text              ro code   0x800'174c     0x4  startup_stm32f405xx.o [1]
  .text              ro code   0x800'1750     0x4  startup_stm32f405xx.o [1]
  .text              ro code   0x800'1754     0x4  startup_stm32f405xx.o [1]
  .text              ro code   0x800'1758     0x4  startup_stm32f405xx.o [1]
  .text              ro code   0x800'175c     0x4  startup_stm32f405xx.o [1]
  .text              ro code   0x800'1760     0x4  startup_stm32f405xx.o [1]
  .text              ro code   0x800'1764     0x4  startup_stm32f405xx.o [1]
  .text              ro code   0x800'1768     0x4  startup_stm32f405xx.o [1]
  .text              ro code   0x800'176c     0x4  startup_stm32f405xx.o [1]
  .text              ro code   0x800'1770     0x4  startup_stm32f405xx.o [1]
  .text              ro code   0x800'1774     0x4  startup_stm32f405xx.o [1]
  .text              ro code   0x800'1778     0x4  startup_stm32f405xx.o [1]
  .text              ro code   0x800'177c     0x4  startup_stm32f405xx.o [1]
  .text              ro code   0x800'1780     0x4  startup_stm32f405xx.o [1]
  .text              ro code   0x800'1784     0x4  startup_stm32f405xx.o [1]
  .text              ro code   0x800'1788     0x4  startup_stm32f405xx.o [1]
  .text              ro code   0x800'178c     0x4  startup_stm32f405xx.o [1]
  .text              ro code   0x800'1790     0x4  startup_stm32f405xx.o [1]
  .text              ro code   0x800'1794     0x4  startup_stm32f405xx.o [1]
  .text              ro code   0x800'1798     0x4  startup_stm32f405xx.o [1]
  .text              ro code   0x800'179c     0x4  startup_stm32f405xx.o [1]
  .text              ro code   0x800'17a0     0x4  startup_stm32f405xx.o [1]
  .text              ro code   0x800'17a4     0x4  startup_stm32f405xx.o [1]
  .text              ro code   0x800'17a8     0x4  startup_stm32f405xx.o [1]
  .text              ro code   0x800'17ac     0x4  startup_stm32f405xx.o [1]
  .text              ro code   0x800'17b0     0x4  startup_stm32f405xx.o [1]
  .text              ro code   0x800'17b4     0x4  startup_stm32f405xx.o [1]
  .text              ro code   0x800'17b8     0x4  startup_stm32f405xx.o [1]
  .text              ro code   0x800'17bc     0x4  startup_stm32f405xx.o [1]
  .text              ro code   0x800'17c0     0x4  startup_stm32f405xx.o [1]
  .text              ro code   0x800'17c4     0x4  startup_stm32f405xx.o [1]
  .text              ro code   0x800'17c8     0x4  startup_stm32f405xx.o [1]
  .text              ro code   0x800'17cc     0x4  startup_stm32f405xx.o [1]
  .text              ro code   0x800'17d0     0x4  startup_stm32f405xx.o [1]
  .text              ro code   0x800'17d4     0x4  startup_stm32f405xx.o [1]
  .text              ro code   0x800'17d8     0x4  startup_stm32f405xx.o [1]
  .text              ro code   0x800'17dc     0x4  startup_stm32f405xx.o [1]
  .text              ro code   0x800'17e0     0x4  startup_stm32f405xx.o [1]
  .text              ro code   0x800'17e4     0x4  startup_stm32f405xx.o [1]
  .text              ro code   0x800'17e8     0x4  startup_stm32f405xx.o [1]
  .text              ro code   0x800'17ec     0x4  startup_stm32f405xx.o [1]
  .text              ro code   0x800'17f0     0x4  startup_stm32f405xx.o [1]
  .text              ro code   0x800'17f4     0x4  startup_stm32f405xx.o [1]
  .rodata            const     0x800'17f8     0x0  packbits_init_single.o [4]
  Initializer bytes  const     0x800'17f8     0xd  <for P2-1>
                             - 0x800'1805  0x167d

"P2", part 1 of 2:                           0x51
  P2-1                        0x2000'0000    0x51  <Init block>
    .data            inited   0x2000'0000     0xc  stm32f4xx_hal.o [1]
    .data            inited   0x2000'000c     0x4  system_stm32f4xx.o [1]
    .bss             inited   0x2000'0010    0x40  usart.o [1]
    .bss             inited   0x2000'0050     0x1  main.o [1]
                            - 0x2000'0051    0x51

"P2", part 2 of 2:                          0x400
  CSTACK                      0x2000'0058   0x400  <Block>
    CSTACK           uninit   0x2000'0058   0x400  <Block tail>
                            - 0x2000'0458   0x400

Unused ranges:

         From           To      Size
         ----           --      ----
   0x800'1805   0x80f'ffff  0xf'e7fb
  0x2000'0051  0x2000'0057       0x7
  0x2000'0458  0x2001'ffff  0x1'fba8


*******************************************************************************
*** INIT TABLE
***

          Address      Size
          -------      ----
Copy/packbits (__iar_packbits_init_single3)
    1 source range, total size 0xd (16% of destination):
           0x800'17f8   0xd
    1 destination range, total size 0x51:
          0x2000'0000  0x51



*******************************************************************************
*** MODULE SUMMARY
***

    Module                  ro code  ro data  rw data
    ------                  -------  -------  -------
command line/config:
    -------------------------------------------------
    Total:

D:\kkaengji\stm32f405rg\USART_LCD\EWARM\USART_LCD\Obj: [1]
    gpio.o                      180
    lcd.o                       688
    main.o                      270        1        1
    startup_stm32f405xx.o       716
    stm32f4xx_hal.o             144        1       12
    stm32f4xx_hal_cortex.o      196
    stm32f4xx_hal_dma.o          36
    stm32f4xx_hal_gpio.o        484
    stm32f4xx_hal_msp.o          56
    stm32f4xx_hal_rcc.o       1'212
    stm32f4xx_hal_uart.o      1'264
    stm32f4xx_it.o               32
    system_stm32f4xx.o           44        9        4
    usart.o                     180       10       64
    -------------------------------------------------
    Total:                    5'502       21       81

dl7M_tln.a: [2]
    exit.o                        4
    low_level_init.o              4
    -------------------------------------------------
    Total:                        8

m7M_tls.a: [3]
    fpinit_M.o                   34
    -------------------------------------------------
    Total:                       34

rt7M_tl.a: [4]
    ABImemset.o                 102
    I64DivMod_small.o           262
    I64DivZer.o                   2
    cexit.o                      10
    cmain.o                      30
    cstartup_M.o                 12
    data_init.o                  40
    memset.o                     20
    packbits_init_single.o       56
    -------------------------------------------------
    Total:                      534

shb_l.a: [5]
    exit.o                       20
    -------------------------------------------------
    Total:                       20

    Gaps                         12        2
    Linker created                        16    1'024
-----------------------------------------------------
    Grand Total:              6'110       39    1'105


*******************************************************************************
*** ENTRY LIST
***

Entry                       Address   Size  Type      Object
-----                       -------   ----  ----      ------
.iar.init_table$$Base    0x800'1618          --   Gb  - Linker created -
.iar.init_table$$Limit   0x800'1628          --   Gb  - Linker created -
?main                    0x800'1659         Code  Gb  cmain.o [4]
AHBPrescTable            0x800'15bc   0x10  Data  Gb  system_stm32f4xx.o [1]
APBPrescTable            0x800'16bc    0x8  Data  Gb  system_stm32f4xx.o [1]
BusFault_Handler         0x800'162f    0x2  Code  Gb  stm32f4xx_it.o [1]
CSTACK$$Base            0x2000'0058          --   Gb  - Linker created -
CSTACK$$Limit           0x2000'0458          --   Gb  - Linker created -
DebugMon_Handler         0x800'1635    0x2  Code  Gb  stm32f4xx_it.o [1]
Error_Handler            0x800'0869    0x2  Code  Gb  main.o [1]
HAL_DMA_Abort_IT         0x800'0735   0x24  Code  Gb  stm32f4xx_hal_dma.o [1]
HAL_GPIO_Init            0x800'0b35  0x1ae  Code  Gb  stm32f4xx_hal_gpio.o [1]
HAL_GPIO_WritePin        0x800'0ce3    0x8  Code  Gb  stm32f4xx_hal_gpio.o [1]
HAL_GetTick              0x800'0729    0xc  Code  Wk  stm32f4xx_hal.o [1]
HAL_IncTick              0x800'1649   0x10  Code  Wk  stm32f4xx_hal.o [1]
HAL_Init                 0x800'0ddd   0x30  Code  Gb  stm32f4xx_hal.o [1]
HAL_InitTick             0x800'1485   0x40  Code  Wk  stm32f4xx_hal.o [1]
HAL_MspInit              0x800'1531   0x38  Code  Gb  stm32f4xx_hal_msp.o [1]
HAL_NVIC_EnableIRQ       0x800'0d87   0x16  Code  Gb  stm32f4xx_hal_cortex.o [1]
HAL_NVIC_SetPriority     0x800'0d4d   0x3a  Code  Gb  stm32f4xx_hal_cortex.o [1]
HAL_NVIC_SetPriorityGrouping
                         0x800'0d33   0x1a  Code  Gb  stm32f4xx_hal_cortex.o [1]
HAL_RCC_ClockConfig      0x800'086d  0x100  Code  Gb  stm32f4xx_hal_rcc.o [1]
HAL_RCC_GetPCLK1Freq     0x800'0979   0x10  Code  Gb  stm32f4xx_hal_rcc.o [1]
HAL_RCC_GetPCLK2Freq     0x800'0989    0xe  Code  Gb  stm32f4xx_hal_rcc.o [1]
HAL_RCC_OscConfig        0x800'1175  0x310  Code  Wk  stm32f4xx_hal_rcc.o [1]
HAL_SYSTICK_Config       0x800'0d9d   0x28  Code  Gb  stm32f4xx_hal_cortex.o [1]
HAL_UART_IRQHandler      0x800'0313  0x15c  Code  Gb  stm32f4xx_hal_uart.o [1]
HAL_UART_Init            0x800'0189   0x1e  Code  Gb  stm32f4xx_hal_uart.o [1]
HAL_UART_MspInit         0x800'06a3   0x76  Code  Gb  usart.o [1]
HAL_UART_Receive_IT      0x800'02b1   0x56  Code  Gb  stm32f4xx_hal_uart.o [1]
HAL_UART_RxCpltCallback
                         0x800'081d   0x38  Code  Gb  main.o [1]
HAL_UART_Transmit        0x800'01ff   0xaa  Code  Gb  stm32f4xx_hal_uart.o [1]
HardFault_Handler        0x800'162b    0x2  Code  Gb  stm32f4xx_it.o [1]
MX_GPIO_Init             0x800'0e11   0x96  Code  Gb  gpio.o [1]
MX_USART1_UART_Init      0x800'0675   0x2e  Code  Gb  usart.o [1]
MemManage_Handler        0x800'162d    0x2  Code  Gb  stm32f4xx_it.o [1]
NMI_Handler              0x800'1629    0x2  Code  Gb  stm32f4xx_it.o [1]
PendSV_Handler           0x800'1637    0x2  Code  Gb  stm32f4xx_it.o [1]
Region$$Table$$Base      0x800'1618          --   Gb  - Linker created -
Region$$Table$$Limit     0x800'1628          --   Gb  - Linker created -
SVC_Handler              0x800'1633    0x2  Code  Gb  stm32f4xx_it.o [1]
SysTick_Handler          0x800'1639    0x4  Code  Gb  stm32f4xx_it.o [1]
SystemClock_Config       0x800'0787   0x96  Code  Gb  main.o [1]
SystemCoreClock         0x2000'000c    0x4  Data  Gb  system_stm32f4xx.o [1]
SystemInit               0x800'15a1   0x14  Code  Gb  system_stm32f4xx.o [1]
UART_DMAAbortOnError     0x800'04f1    0xc  Code  Lc  stm32f4xx_hal_uart.o [1]
UART_EndRxTransfer       0x800'04d3   0x1c  Code  Lc  stm32f4xx_hal_uart.o [1]
UART_Receive_IT          0x800'04fd   0x92  Code  Lc  stm32f4xx_hal_uart.o [1]
UART_SetConfig           0x800'058f   0xca  Code  Lc  stm32f4xx_hal_uart.o [1]
UART_WaitOnFlagUntilTimeout
                         0x800'046f   0x56  Code  Lc  stm32f4xx_hal_uart.o [1]
USART1_IRQHandler        0x800'163d    0x6  Code  Gb  stm32f4xx_it.o [1]
UsageFault_Handler       0x800'1631    0x2  Code  Gb  stm32f4xx_it.o [1]
__NVIC_SetPriority       0x800'0d19   0x1a  Code  Lc  stm32f4xx_hal_cortex.o [1]
__aeabi_ldiv0            0x800'14c5         Code  Gb  I64DivZer.o [4]
__aeabi_memset           0x800'14c9         Code  Gb  ABImemset.o [4]
__cmain                  0x800'1659         Code  Gb  cmain.o [4]
__exit                   0x800'168d   0x14  Code  Gb  exit.o [5]
__iar_Memset             0x800'14c9         Code  Gb  ABImemset.o [4]
__iar_Memset_word        0x800'14d1         Code  Gb  ABImemset.o [4]
__iar_data_init3         0x800'15cd   0x28  Code  Gb  data_init.o [4]
__iar_init_vfp           0x800'15f5         Code  Gb  fpinit_M.o [3]
__iar_packbits_init_single3
                         0x800'1569   0x38  Code  Gb  packbits_init_single.o [4]
__iar_program_start      0x800'16b1         Code  Gb  cstartup_M.o [4]
__iar_small_uldivmod     0x800'0a19         Code  Gb  I64DivMod_small.o [4]
__low_level_init         0x800'1677    0x4  Code  Gb  low_level_init.o [2]
__vector_table           0x800'0000         Data  Gb  startup_stm32f405xx.o [1]
_call_main               0x800'1665         Code  Gb  cmain.o [4]
_exit                    0x800'1681         Code  Gb  cexit.o [4]
_main                    0x800'1673         Code  Gb  cmain.o [4]
exit                     0x800'167b    0x4  Code  Gb  exit.o [2]
huart1                  0x2000'0010   0x40  Data  Gb  usart.o [1]
lcdControlWrite          0x800'1093    0xc  Code  Gb  lcd.o [1]
lcdDataWrite             0x800'109f   0x12  Code  Gb  lcd.o [1]
lcdGotoXY                0x800'1157   0x1e  Code  Gb  lcd.o [1]
lcdInit                  0x800'1125   0x32  Code  Gb  lcd.o [1]
lcdInitHW                0x800'1031   0x62  Code  Gb  lcd.o [1]
lcdmDelay                0x800'1013   0x1e  Code  Lc  lcd.o [1]
lcduDelay                0x800'0ec5  0x14e  Code  Lc  lcd.o [1]
main                     0x800'075d   0x2a  Code  Gb  main.o [1]
memset                   0x800'0b1f   0x14  Code  Gb  memset.o [4]
rxData                  0x2000'0050    0x1  Data  Gb  main.o [1]
uwTick                  0x2000'0004    0x4  Data  Gb  stm32f4xx_hal.o [1]
uwTickFreq              0x2000'0000    0x1  Data  Gb  stm32f4xx_hal.o [1]
uwTickPrio              0x2000'0008    0x4  Data  Gb  stm32f4xx_hal.o [1]


[1] = D:\kkaengji\stm32f405rg\USART_LCD\EWARM\USART_LCD\Obj
[2] = dl7M_tln.a
[3] = m7M_tls.a
[4] = rt7M_tl.a
[5] = shb_l.a

  6'110 bytes of readonly  code memory
     39 bytes of readonly  data memory
  1'105 bytes of readwrite data memory

Errors: none
Warnings: none
