###############################################################################
#
# IAR ELF Linker V8.50.4.261/W32 for ARM                  23/Jun/2020  11:02:32
# Copyright 2007-2020 IAR Systems AB.
#
#    Output file  =
#        D:\kkaengji\stm32f405rg\UART_INT_LED_FND\EWARM\UART_INT_LED_FND\Exe\UART_INT_LED_FND.out
#    Map file     =
#        D:\kkaengji\stm32f405rg\UART_INT_LED_FND\EWARM\UART_INT_LED_FND\List\UART_INT_LED_FND.map
#    Command line =
#        -f C:\Users\PKNU\AppData\Local\Temp\EWF5D8.tmp
#        (D:\kkaengji\stm32f405rg\UART_INT_LED_FND\EWARM\UART_INT_LED_FND\Obj\main.o
#        D:\kkaengji\stm32f405rg\UART_INT_LED_FND\EWARM\UART_INT_LED_FND\Obj\startup_stm32f405xx.o
#        D:\kkaengji\stm32f405rg\UART_INT_LED_FND\EWARM\UART_INT_LED_FND\Obj\stm32f4xx_hal.o
#        D:\kkaengji\stm32f405rg\UART_INT_LED_FND\EWARM\UART_INT_LED_FND\Obj\stm32f4xx_hal_cortex.o
#        D:\kkaengji\stm32f405rg\UART_INT_LED_FND\EWARM\UART_INT_LED_FND\Obj\stm32f4xx_hal_dma.o
#        D:\kkaengji\stm32f405rg\UART_INT_LED_FND\EWARM\UART_INT_LED_FND\Obj\stm32f4xx_hal_dma_ex.o
#        D:\kkaengji\stm32f405rg\UART_INT_LED_FND\EWARM\UART_INT_LED_FND\Obj\stm32f4xx_hal_exti.o
#        D:\kkaengji\stm32f405rg\UART_INT_LED_FND\EWARM\UART_INT_LED_FND\Obj\stm32f4xx_hal_flash.o
#        D:\kkaengji\stm32f405rg\UART_INT_LED_FND\EWARM\UART_INT_LED_FND\Obj\stm32f4xx_hal_flash_ex.o
#        D:\kkaengji\stm32f405rg\UART_INT_LED_FND\EWARM\UART_INT_LED_FND\Obj\stm32f4xx_hal_flash_ramfunc.o
#        D:\kkaengji\stm32f405rg\UART_INT_LED_FND\EWARM\UART_INT_LED_FND\Obj\stm32f4xx_hal_gpio.o
#        D:\kkaengji\stm32f405rg\UART_INT_LED_FND\EWARM\UART_INT_LED_FND\Obj\stm32f4xx_hal_msp.o
#        D:\kkaengji\stm32f405rg\UART_INT_LED_FND\EWARM\UART_INT_LED_FND\Obj\stm32f4xx_hal_pwr.o
#        D:\kkaengji\stm32f405rg\UART_INT_LED_FND\EWARM\UART_INT_LED_FND\Obj\stm32f4xx_hal_pwr_ex.o
#        D:\kkaengji\stm32f405rg\UART_INT_LED_FND\EWARM\UART_INT_LED_FND\Obj\stm32f4xx_hal_rcc.o
#        D:\kkaengji\stm32f405rg\UART_INT_LED_FND\EWARM\UART_INT_LED_FND\Obj\stm32f4xx_hal_rcc_ex.o
#        D:\kkaengji\stm32f405rg\UART_INT_LED_FND\EWARM\UART_INT_LED_FND\Obj\stm32f4xx_hal_tim.o
#        D:\kkaengji\stm32f405rg\UART_INT_LED_FND\EWARM\UART_INT_LED_FND\Obj\stm32f4xx_hal_tim_ex.o
#        D:\kkaengji\stm32f405rg\UART_INT_LED_FND\EWARM\UART_INT_LED_FND\Obj\stm32f4xx_hal_uart.o
#        D:\kkaengji\stm32f405rg\UART_INT_LED_FND\EWARM\UART_INT_LED_FND\Obj\stm32f4xx_it.o
#        D:\kkaengji\stm32f405rg\UART_INT_LED_FND\EWARM\UART_INT_LED_FND\Obj\system_stm32f4xx.o
#        --redirect _Printf=_PrintfFull --redirect _Scanf=_ScanfFull
#        --no_out_extension -o
#        D:\kkaengji\stm32f405rg\UART_INT_LED_FND\EWARM\UART_INT_LED_FND\Exe\UART_INT_LED_FND.out
#        --map
#        D:\kkaengji\stm32f405rg\UART_INT_LED_FND\EWARM\UART_INT_LED_FND\List\UART_INT_LED_FND.map
#        --config
#        D:\kkaengji\stm32f405rg\UART_INT_LED_FND\EWARM/stm32f405xx_flash.icf
#        --semihosting --entry __iar_program_start --vfe --text_out locale)
#
###############################################################################

*******************************************************************************
*** RUNTIME MODEL ATTRIBUTES
***

CppFlavor       = *
__SystemLibrary = DLib
__dlib_version  = 6


*******************************************************************************
*** HEAP SELECTION
***

The basic heap was selected because no calls to memory allocation
functions were found in the application outside of system library
functions, and there are calls to deallocation functions in the
application.


*******************************************************************************
*** PLACEMENT SUMMARY
***

"A0":  place at address 0x800'0000 { ro section .intvec };
"P1":  place in [from 0x800'0000 to 0x80f'ffff] { ro };
define block CSTACK with size = 1K, alignment = 8 { };
define block HEAP with size = 512, alignment = 8 { };
"P2":  place in [from 0x2000'0000 to 0x2001'ffff] {
          rw, block CSTACK, block HEAP };
initialize by copy { rw };

  Section            Kind         Address    Size  Object
  -------            ----         -------    ----  ------
"A0":                                       0x188
  .intvec            ro code   0x800'0000   0x188  startup_stm32f405xx.o [1]
                             - 0x800'0188   0x188

"P1":                                      0x14b9
  .text              ro code   0x800'0188   0x4ec  stm32f4xx_hal_uart.o [1]
  .text              ro code   0x800'0674    0xbc  stm32f4xx_hal_msp.o [1]
  .text              ro code   0x800'0730     0xc  stm32f4xx_hal.o [1]
  .text              ro code   0x800'073c    0x24  stm32f4xx_hal_dma.o [1]
  .text              ro code   0x800'0760     0x2  stm32f4xx_hal_uart.o [1]
  .text              ro code   0x800'0762     0x2  stm32f4xx_hal_uart.o [1]
  .text              ro code   0x800'0764   0x254  main.o [1]
  .text              ro code   0x800'09b8   0x1ac  stm32f4xx_hal_rcc.o [1]
  .text              ro code   0x800'0b64   0x106  I64DivMod_small.o [4]
  .text              ro code   0x800'0c6a    0x14  memset.o [4]
  .text              ro code   0x800'0c80   0x1e4  stm32f4xx_hal_gpio.o [1]
  .text              ro code   0x800'0e64    0xc4  stm32f4xx_hal_cortex.o [1]
  .text              ro code   0x800'0f28    0x18  ABImemcpy_small.o [4]
  .text              ro code   0x800'0f40    0x34  stm32f4xx_hal.o [1]
  .text              ro code   0x800'0f74    0x28  stm32f4xx_hal.o [1]
  .text              ro code   0x800'0f9c   0x310  stm32f4xx_hal_rcc.o [1]
  .text              ro code   0x800'12ac    0x40  stm32f4xx_hal.o [1]
  .text              ro code   0x800'12ec     0x2  I64DivZer.o [4]
  .text              ro code   0x800'12f0    0x66  ABImemset.o [4]
  .rodata            const     0x800'1358    0x48  main.o [1]
  .text              ro code   0x800'13a0    0x38  packbits_init_single.o [4]
  .text              ro code   0x800'13d8    0x2c  system_stm32f4xx.o [1]
  .text              ro code   0x800'1404    0x28  data_init.o [4]
  .text              ro code   0x800'142c    0x22  fpinit_M.o [3]
  .iar.init_table    const     0x800'1450    0x10  - Linker created -
  .text              ro code   0x800'1460    0x20  stm32f4xx_it.o [1]
  .text              ro code   0x800'1480    0x10  stm32f4xx_hal.o [1]
  .text              ro code   0x800'1490    0x1e  cmain.o [4]
  .text              ro code   0x800'14ae     0x4  low_level_init.o [2]
  .text              ro code   0x800'14b2     0x4  exit.o [2]
  .text              ro code   0x800'14b8     0xa  cexit.o [4]
  .text              ro code   0x800'14c4    0x14  exit.o [5]
  .text              ro code   0x800'14d8    0x10  startup_stm32f405xx.o [1]
  .text              ro code   0x800'14e8     0xc  cstartup_M.o [4]
  .rodata            const     0x800'14f4     0x8  system_stm32f4xx.o [1]
  .text              ro code   0x800'14fc     0x4  startup_stm32f405xx.o [1]
  .text              ro code   0x800'1500     0x4  startup_stm32f405xx.o [1]
  .text              ro code   0x800'1504     0x4  startup_stm32f405xx.o [1]
  .text              ro code   0x800'1508     0x4  startup_stm32f405xx.o [1]
  .text              ro code   0x800'150c     0x4  startup_stm32f405xx.o [1]
  .text              ro code   0x800'1510     0x4  startup_stm32f405xx.o [1]
  .text              ro code   0x800'1514     0x4  startup_stm32f405xx.o [1]
  .text              ro code   0x800'1518     0x4  startup_stm32f405xx.o [1]
  .text              ro code   0x800'151c     0x4  startup_stm32f405xx.o [1]
  .text              ro code   0x800'1520     0x4  startup_stm32f405xx.o [1]
  .text              ro code   0x800'1524     0x4  startup_stm32f405xx.o [1]
  .text              ro code   0x800'1528     0x4  startup_stm32f405xx.o [1]
  .text              ro code   0x800'152c     0x4  startup_stm32f405xx.o [1]
  .text              ro code   0x800'1530     0x4  startup_stm32f405xx.o [1]
  .text              ro code   0x800'1534     0x4  startup_stm32f405xx.o [1]
  .text              ro code   0x800'1538     0x4  startup_stm32f405xx.o [1]
  .text              ro code   0x800'153c     0x4  startup_stm32f405xx.o [1]
  .text              ro code   0x800'1540     0x4  startup_stm32f405xx.o [1]
  .text              ro code   0x800'1544     0x4  startup_stm32f405xx.o [1]
  .text              ro code   0x800'1548     0x4  startup_stm32f405xx.o [1]
  .text              ro code   0x800'154c     0x4  startup_stm32f405xx.o [1]
  .text              ro code   0x800'1550     0x4  startup_stm32f405xx.o [1]
  .text              ro code   0x800'1554     0x4  startup_stm32f405xx.o [1]
  .text              ro code   0x800'1558     0x4  startup_stm32f405xx.o [1]
  .text              ro code   0x800'155c     0x4  startup_stm32f405xx.o [1]
  .text              ro code   0x800'1560     0x4  startup_stm32f405xx.o [1]
  .text              ro code   0x800'1564     0x4  startup_stm32f405xx.o [1]
  .text              ro code   0x800'1568     0x4  startup_stm32f405xx.o [1]
  .text              ro code   0x800'156c     0x4  startup_stm32f405xx.o [1]
  .text              ro code   0x800'1570     0x4  startup_stm32f405xx.o [1]
  .text              ro code   0x800'1574     0x4  startup_stm32f405xx.o [1]
  .text              ro code   0x800'1578     0x4  startup_stm32f405xx.o [1]
  .text              ro code   0x800'157c     0x4  startup_stm32f405xx.o [1]
  .text              ro code   0x800'1580     0x4  startup_stm32f405xx.o [1]
  .text              ro code   0x800'1584     0x4  startup_stm32f405xx.o [1]
  .text              ro code   0x800'1588     0x4  startup_stm32f405xx.o [1]
  .text              ro code   0x800'158c     0x4  startup_stm32f405xx.o [1]
  .text              ro code   0x800'1590     0x4  startup_stm32f405xx.o [1]
  .text              ro code   0x800'1594     0x4  startup_stm32f405xx.o [1]
  .text              ro code   0x800'1598     0x4  startup_stm32f405xx.o [1]
  .text              ro code   0x800'159c     0x4  startup_stm32f405xx.o [1]
  .text              ro code   0x800'15a0     0x4  startup_stm32f405xx.o [1]
  .text              ro code   0x800'15a4     0x4  startup_stm32f405xx.o [1]
  .text              ro code   0x800'15a8     0x4  startup_stm32f405xx.o [1]
  .text              ro code   0x800'15ac     0x4  startup_stm32f405xx.o [1]
  .text              ro code   0x800'15b0     0x4  startup_stm32f405xx.o [1]
  .text              ro code   0x800'15b4     0x4  startup_stm32f405xx.o [1]
  .text              ro code   0x800'15b8     0x4  startup_stm32f405xx.o [1]
  .text              ro code   0x800'15bc     0x4  startup_stm32f405xx.o [1]
  .text              ro code   0x800'15c0     0x4  startup_stm32f405xx.o [1]
  .text              ro code   0x800'15c4     0x4  startup_stm32f405xx.o [1]
  .text              ro code   0x800'15c8     0x4  startup_stm32f405xx.o [1]
  .text              ro code   0x800'15cc     0x4  startup_stm32f405xx.o [1]
  .text              ro code   0x800'15d0     0x4  startup_stm32f405xx.o [1]
  .text              ro code   0x800'15d4     0x4  startup_stm32f405xx.o [1]
  .text              ro code   0x800'15d8     0x4  startup_stm32f405xx.o [1]
  .text              ro code   0x800'15dc     0x4  startup_stm32f405xx.o [1]
  .text              ro code   0x800'15e0     0x4  startup_stm32f405xx.o [1]
  .text              ro code   0x800'15e4     0x4  startup_stm32f405xx.o [1]
  .text              ro code   0x800'15e8     0x4  startup_stm32f405xx.o [1]
  .text              ro code   0x800'15ec     0x4  startup_stm32f405xx.o [1]
  .text              ro code   0x800'15f0     0x4  startup_stm32f405xx.o [1]
  .text              ro code   0x800'15f4     0x4  startup_stm32f405xx.o [1]
  .text              ro code   0x800'15f8     0x4  startup_stm32f405xx.o [1]
  .text              ro code   0x800'15fc     0x4  startup_stm32f405xx.o [1]
  .text              ro code   0x800'1600     0x4  startup_stm32f405xx.o [1]
  .text              ro code   0x800'1604     0x4  startup_stm32f405xx.o [1]
  .text              ro code   0x800'1608     0x4  startup_stm32f405xx.o [1]
  .text              ro code   0x800'160c     0x4  startup_stm32f405xx.o [1]
  .text              ro code   0x800'1610     0x4  startup_stm32f405xx.o [1]
  .text              ro code   0x800'1614     0x4  startup_stm32f405xx.o [1]
  .text              ro code   0x800'1618     0x4  startup_stm32f405xx.o [1]
  .text              ro code   0x800'161c     0x4  startup_stm32f405xx.o [1]
  .text              ro code   0x800'1620     0x4  startup_stm32f405xx.o [1]
  .text              ro code   0x800'1624     0x4  startup_stm32f405xx.o [1]
  .text              ro code   0x800'1628     0x4  startup_stm32f405xx.o [1]
  .text              ro code   0x800'162c     0x4  startup_stm32f405xx.o [1]
  .rodata            const     0x800'1630     0x0  packbits_init_single.o [4]
  Initializer bytes  const     0x800'1630    0x11  <for P2-1>
                             - 0x800'1641  0x14b9

"P2", part 1 of 2:                           0x54
  P2-1                        0x2000'0000    0x54  <Init block>
    .data            inited   0x2000'0000    0x44  main.o [1]
    .data            inited   0x2000'0044     0xc  stm32f4xx_hal.o [1]
    .data            inited   0x2000'0050     0x4  system_stm32f4xx.o [1]
                            - 0x2000'0054    0x54

"P2", part 2 of 2:                          0x400
  CSTACK                      0x2000'0058   0x400  <Block>
    CSTACK           uninit   0x2000'0058   0x400  <Block tail>
                            - 0x2000'0458   0x400

Unused ranges:

         From           To      Size
         ----           --      ----
   0x800'1641   0x80f'ffff  0xf'e9bf
  0x2000'0054  0x2000'0057       0x4
  0x2000'0458  0x2001'ffff  0x1'fba8


*******************************************************************************
*** INIT TABLE
***

          Address      Size
          -------      ----
Copy/packbits (__iar_packbits_init_single3)
    1 source range, total size 0x11 (20% of destination):
           0x800'1630  0x11
    1 destination range, total size 0x54:
          0x2000'0000  0x54



*******************************************************************************
*** MODULE SUMMARY
***

    Module                  ro code  ro data  rw data
    ------                  -------  -------  -------
command line/config:
    -------------------------------------------------
    Total:

D:\kkaengji\stm32f405rg\UART_INT_LED_FND\EWARM\UART_INT_LED_FND\Obj: [1]
    main.o                      596       85       68
    startup_stm32f405xx.o       716
    stm32f4xx_hal.o             184        3       12
    stm32f4xx_hal_cortex.o      196
    stm32f4xx_hal_dma.o          36
    stm32f4xx_hal_gpio.o        484
    stm32f4xx_hal_msp.o         188
    stm32f4xx_hal_rcc.o       1'212
    stm32f4xx_hal_uart.o      1'264
    stm32f4xx_it.o               32
    system_stm32f4xx.o           44        9        4
    -------------------------------------------------
    Total:                    4'952       97       84

dl7M_tln.a: [2]
    exit.o                        4
    low_level_init.o              4
    -------------------------------------------------
    Total:                        8

m7M_tls.a: [3]
    fpinit_M.o                   34
    -------------------------------------------------
    Total:                       34

rt7M_tl.a: [4]
    ABImemcpy_small.o            24
    ABImemset.o                 102
    I64DivMod_small.o           262
    I64DivZer.o                   2
    cexit.o                      10
    cmain.o                      30
    cstartup_M.o                 12
    data_init.o                  40
    memset.o                     20
    packbits_init_single.o       56
    -------------------------------------------------
    Total:                      558

shb_l.a: [5]
    exit.o                       20
    -------------------------------------------------
    Total:                       20

    Gaps                          8        4
    Linker created                        16    1'024
-----------------------------------------------------
    Grand Total:              5'580      117    1'108


*******************************************************************************
*** ENTRY LIST
***

Entry                       Address   Size  Type      Object
-----                       -------   ----  ----      ------
.iar.init_table$$Base    0x800'1450          --   Gb  - Linker created -
.iar.init_table$$Limit   0x800'1460          --   Gb  - Linker created -
?main                    0x800'1491         Code  Gb  cmain.o [4]
AHBPrescTable            0x800'13f4   0x10  Data  Gb  system_stm32f4xx.o [1]
APBPrescTable            0x800'14f4    0x8  Data  Gb  system_stm32f4xx.o [1]
BusFault_Handler         0x800'1467    0x2  Code  Gb  stm32f4xx_it.o [1]
CSTACK$$Base            0x2000'0058          --   Gb  - Linker created -
CSTACK$$Limit           0x2000'0458          --   Gb  - Linker created -
DebugMon_Handler         0x800'146d    0x2  Code  Gb  stm32f4xx_it.o [1]
HAL_DMA_Abort_IT         0x800'073d   0x24  Code  Gb  stm32f4xx_hal_dma.o [1]
HAL_Delay                0x800'0f75   0x28  Code  Wk  stm32f4xx_hal.o [1]
HAL_GPIO_Init            0x800'0c81  0x1ae  Code  Gb  stm32f4xx_hal_gpio.o [1]
HAL_GPIO_WritePin        0x800'0e2f    0x8  Code  Gb  stm32f4xx_hal_gpio.o [1]
HAL_GetTick              0x800'0731    0xc  Code  Wk  stm32f4xx_hal.o [1]
HAL_IncTick              0x800'1481   0x10  Code  Wk  stm32f4xx_hal.o [1]
HAL_Init                 0x800'0f41   0x30  Code  Gb  stm32f4xx_hal.o [1]
HAL_InitTick             0x800'12ad   0x40  Code  Wk  stm32f4xx_hal.o [1]
HAL_MspInit              0x800'0675   0x34  Code  Gb  stm32f4xx_hal_msp.o [1]
HAL_NVIC_EnableIRQ       0x800'0ed3   0x16  Code  Gb  stm32f4xx_hal_cortex.o [1]
HAL_NVIC_SetPriority     0x800'0e99   0x3a  Code  Gb  stm32f4xx_hal_cortex.o [1]
HAL_NVIC_SetPriorityGrouping
                         0x800'0e7f   0x1a  Code  Gb  stm32f4xx_hal_cortex.o [1]
HAL_RCC_ClockConfig      0x800'09b9  0x100  Code  Gb  stm32f4xx_hal_rcc.o [1]
HAL_RCC_GetPCLK1Freq     0x800'0ac5   0x10  Code  Gb  stm32f4xx_hal_rcc.o [1]
HAL_RCC_GetPCLK2Freq     0x800'0ad5    0xe  Code  Gb  stm32f4xx_hal_rcc.o [1]
HAL_RCC_OscConfig        0x800'0f9d  0x310  Code  Wk  stm32f4xx_hal_rcc.o [1]
HAL_SYSTICK_Config       0x800'0ee9   0x28  Code  Gb  stm32f4xx_hal_cortex.o [1]
HAL_UART_IRQHandler      0x800'0313  0x15c  Code  Gb  stm32f4xx_hal_uart.o [1]
HAL_UART_Init            0x800'0189   0x1e  Code  Gb  stm32f4xx_hal_uart.o [1]
HAL_UART_MspInit         0x800'06a9   0x76  Code  Gb  stm32f4xx_hal_msp.o [1]
HAL_UART_Receive_IT      0x800'02b1   0x56  Code  Gb  stm32f4xx_hal_uart.o [1]
HAL_UART_RxCpltCallback
                         0x800'0943   0x48  Code  Gb  main.o [1]
HAL_UART_Transmit        0x800'01ff   0xaa  Code  Gb  stm32f4xx_hal_uart.o [1]
HardFault_Handler        0x800'1463    0x2  Code  Gb  stm32f4xx_it.o [1]
MemManage_Handler        0x800'1465    0x2  Code  Gb  stm32f4xx_it.o [1]
NMI_Handler              0x800'1461    0x2  Code  Gb  stm32f4xx_it.o [1]
PendSV_Handler           0x800'146f    0x2  Code  Gb  stm32f4xx_it.o [1]
Region$$Table$$Base      0x800'1450          --   Gb  - Linker created -
Region$$Table$$Limit     0x800'1460          --   Gb  - Linker created -
SVC_Handler              0x800'146b    0x2  Code  Gb  stm32f4xx_it.o [1]
SysTick_Handler          0x800'1471    0x4  Code  Gb  stm32f4xx_it.o [1]
SystemClock_Config       0x800'08a9   0x90  Code  Gb  main.o [1]
SystemCoreClock         0x2000'0050    0x4  Data  Gb  system_stm32f4xx.o [1]
SystemInit               0x800'13d9   0x14  Code  Gb  system_stm32f4xx.o [1]
Time_STOP               0x2000'0001    0x1  Data  Gb  main.o [1]
UART_DMAAbortOnError     0x800'04f1    0xc  Code  Lc  stm32f4xx_hal_uart.o [1]
UART_EndRxTransfer       0x800'04d3   0x1c  Code  Lc  stm32f4xx_hal_uart.o [1]
UART_Receive_IT          0x800'04fd   0x92  Code  Lc  stm32f4xx_hal_uart.o [1]
UART_SetConfig           0x800'058f   0xca  Code  Lc  stm32f4xx_hal_uart.o [1]
UART_WaitOnFlagUntilTimeout
                         0x800'046f   0x56  Code  Lc  stm32f4xx_hal_uart.o [1]
USART1_IRQHandler        0x800'1475    0x6  Code  Gb  stm32f4xx_it.o [1]
UsageFault_Handler       0x800'1469    0x2  Code  Gb  stm32f4xx_it.o [1]
__NVIC_SetPriority       0x800'0e65   0x1a  Code  Lc  stm32f4xx_hal_cortex.o [1]
__aeabi_ldiv0            0x800'12ed         Code  Gb  I64DivZer.o [4]
__aeabi_memset           0x800'12f1         Code  Gb  ABImemset.o [4]
__cmain                  0x800'1491         Code  Gb  cmain.o [4]
__exit                   0x800'14c5   0x14  Code  Gb  exit.o [5]
__iar_Memset             0x800'12f1         Code  Gb  ABImemset.o [4]
__iar_Memset_word        0x800'12f9         Code  Gb  ABImemset.o [4]
__iar_data_init3         0x800'1405   0x28  Code  Gb  data_init.o [4]
__iar_init_vfp           0x800'142d         Code  Gb  fpinit_M.o [3]
__iar_packbits_init_single3
                         0x800'13a1   0x38  Code  Gb  packbits_init_single.o [4]
__iar_program_start      0x800'14e9         Code  Gb  cstartup_M.o [4]
__iar_small_Memcpy       0x800'0f2d         Code  Gb  ABImemcpy_small.o [4]
__iar_small_memcpy       0x800'0f29         Code  Gb  ABImemcpy_small.o [4]
__iar_small_memcpy4      0x800'0f29         Code  Gb  ABImemcpy_small.o [4]
__iar_small_memcpy8      0x800'0f29         Code  Gb  ABImemcpy_small.o [4]
__iar_small_uldivmod     0x800'0b65         Code  Gb  I64DivMod_small.o [4]
__low_level_init         0x800'14af    0x4  Code  Gb  low_level_init.o [2]
__vector_table           0x800'0000         Data  Gb  startup_stm32f405xx.o [1]
_call_main               0x800'149d         Code  Gb  cmain.o [4]
_exit                    0x800'14b9         Code  Gb  cexit.o [4]
_main                    0x800'14ab         Code  Gb  cmain.o [4]
exit                     0x800'14b3    0x4  Code  Gb  exit.o [2]
huart1                  0x2000'0004   0x40  Data  Gb  main.o [1]
main                     0x800'0765  0x132  Code  Gb  main.o [1]
memset                   0x800'0c6b   0x14  Code  Gb  memset.o [4]
rxData                  0x2000'0000    0x1  Data  Gb  main.o [1]
uwTick                  0x2000'0048    0x4  Data  Gb  stm32f4xx_hal.o [1]
uwTickFreq              0x2000'0044    0x1  Data  Gb  stm32f4xx_hal.o [1]
uwTickPrio              0x2000'004c    0x4  Data  Gb  stm32f4xx_hal.o [1]


[1] = D:\kkaengji\stm32f405rg\UART_INT_LED_FND\EWARM\UART_INT_LED_FND\Obj
[2] = dl7M_tln.a
[3] = m7M_tls.a
[4] = rt7M_tl.a
[5] = shb_l.a

  5'580 bytes of readonly  code memory
    117 bytes of readonly  data memory
  1'108 bytes of readwrite data memory

Errors: none
Warnings: none
