###############################################################################
#
# IAR ELF Linker V8.50.4.261/W32 for ARM                  23/Jun/2020  15:51:19
# Copyright 2007-2020 IAR Systems AB.
#
#    Output file  =
#        D:\kkaengji\stm32f405rg\TimerCount3\EWARM\TimerCount3\Exe\TimerCount3.out
#    Map file     =
#        D:\kkaengji\stm32f405rg\TimerCount3\EWARM\TimerCount3\List\TimerCount3.map
#    Command line =
#        -f C:\Users\PKNU\AppData\Local\Temp\EW43F4.tmp
#        (D:\kkaengji\stm32f405rg\TimerCount3\EWARM\TimerCount3\Obj\gpio.o
#        D:\kkaengji\stm32f405rg\TimerCount3\EWARM\TimerCount3\Obj\main.o
#        D:\kkaengji\stm32f405rg\TimerCount3\EWARM\TimerCount3\Obj\startup_stm32f405xx.o
#        D:\kkaengji\stm32f405rg\TimerCount3\EWARM\TimerCount3\Obj\stm32f4xx_hal.o
#        D:\kkaengji\stm32f405rg\TimerCount3\EWARM\TimerCount3\Obj\stm32f4xx_hal_cortex.o
#        D:\kkaengji\stm32f405rg\TimerCount3\EWARM\TimerCount3\Obj\stm32f4xx_hal_dma.o
#        D:\kkaengji\stm32f405rg\TimerCount3\EWARM\TimerCount3\Obj\stm32f4xx_hal_dma_ex.o
#        D:\kkaengji\stm32f405rg\TimerCount3\EWARM\TimerCount3\Obj\stm32f4xx_hal_exti.o
#        D:\kkaengji\stm32f405rg\TimerCount3\EWARM\TimerCount3\Obj\stm32f4xx_hal_flash.o
#        D:\kkaengji\stm32f405rg\TimerCount3\EWARM\TimerCount3\Obj\stm32f4xx_hal_flash_ex.o
#        D:\kkaengji\stm32f405rg\TimerCount3\EWARM\TimerCount3\Obj\stm32f4xx_hal_flash_ramfunc.o
#        D:\kkaengji\stm32f405rg\TimerCount3\EWARM\TimerCount3\Obj\stm32f4xx_hal_gpio.o
#        D:\kkaengji\stm32f405rg\TimerCount3\EWARM\TimerCount3\Obj\stm32f4xx_hal_msp.o
#        D:\kkaengji\stm32f405rg\TimerCount3\EWARM\TimerCount3\Obj\stm32f4xx_hal_pwr.o
#        D:\kkaengji\stm32f405rg\TimerCount3\EWARM\TimerCount3\Obj\stm32f4xx_hal_pwr_ex.o
#        D:\kkaengji\stm32f405rg\TimerCount3\EWARM\TimerCount3\Obj\stm32f4xx_hal_rcc.o
#        D:\kkaengji\stm32f405rg\TimerCount3\EWARM\TimerCount3\Obj\stm32f4xx_hal_rcc_ex.o
#        D:\kkaengji\stm32f405rg\TimerCount3\EWARM\TimerCount3\Obj\stm32f4xx_hal_tim.o
#        D:\kkaengji\stm32f405rg\TimerCount3\EWARM\TimerCount3\Obj\stm32f4xx_hal_tim_ex.o
#        D:\kkaengji\stm32f405rg\TimerCount3\EWARM\TimerCount3\Obj\stm32f4xx_it.o
#        D:\kkaengji\stm32f405rg\TimerCount3\EWARM\TimerCount3\Obj\system_stm32f4xx.o
#        D:\kkaengji\stm32f405rg\TimerCount3\EWARM\TimerCount3\Obj\tim.o
#        --redirect _Printf=_PrintfFull --redirect _Scanf=_ScanfFull
#        --no_out_extension -o
#        D:\kkaengji\stm32f405rg\TimerCount3\EWARM\TimerCount3\Exe\TimerCount3.out
#        --map
#        D:\kkaengji\stm32f405rg\TimerCount3\EWARM\TimerCount3\List\TimerCount3.map
#        --config
#        D:\kkaengji\stm32f405rg\TimerCount3\EWARM/stm32f405xx_flash.icf
#        --semihosting --entry __iar_program_start --vfe --text_out locale)
#
###############################################################################

*******************************************************************************
*** RUNTIME MODEL ATTRIBUTES
***

CppFlavor       = *
__SystemLibrary = DLib
__dlib_version  = 6


*******************************************************************************
*** HEAP SELECTION
***

The basic heap was selected because no calls to memory allocation
functions were found in the application outside of system library
functions, and there are calls to deallocation functions in the
application.


*******************************************************************************
*** PLACEMENT SUMMARY
***

"A0":  place at address 0x800'0000 { ro section .intvec };
"P1":  place in [from 0x800'0000 to 0x80f'ffff] { ro };
define block CSTACK with size = 1K, alignment = 8 { };
define block HEAP with size = 512, alignment = 8 { };
"P2":  place in [from 0x2000'0000 to 0x2001'ffff] {
          rw, block CSTACK, block HEAP };
initialize by copy { rw };

  Section            Kind         Address    Size  Object
  -------            ----         -------    ----  ------
"A0":                                       0x188
  .intvec            ro code   0x800'0000   0x188  startup_stm32f405xx.o [1]
                             - 0x800'0188   0x188

"P1":                                      0x1249
  .text              ro code   0x800'0188   0x394  stm32f4xx_hal_tim.o [1]
  .text              ro code   0x800'051c    0xac  tim.o [1]
  .text              ro code   0x800'05c8     0x2  stm32f4xx_hal_tim.o [1]
  .text              ro code   0x800'05ca     0x2  stm32f4xx_hal_tim.o [1]
  .text              ro code   0x800'05cc    0xda  main.o [1]
  .text              ro code   0x800'06a6     0x2  stm32f4xx_hal_tim_ex.o [1]
  .text              ro code   0x800'06a8     0x2  stm32f4xx_hal_tim.o [1]
  .text              ro code   0x800'06aa     0x2  stm32f4xx_hal_tim_ex.o [1]
  .text              ro code   0x800'06ac     0x2  stm32f4xx_hal_tim.o [1]
  .text              ro code   0x800'06ae    0x14  memset.o [4]
  .text              ro code   0x800'06c4    0x8c  stm32f4xx_hal_tim_ex.o [1]
  .text              ro code   0x800'0750    0xc4  stm32f4xx_hal_cortex.o [1]
  .text              ro code   0x800'0814    0x34  stm32f4xx_hal.o [1]
  .text              ro code   0x800'0848    0x7c  gpio.o [1]
  .text              ro code   0x800'08c4   0x310  stm32f4xx_hal_rcc.o [1]
  .text              ro code   0x800'0bd4   0x180  stm32f4xx_hal_rcc.o [1]
  .text              ro code   0x800'0d54   0x1f0  stm32f4xx_hal_gpio.o [1]
  .text              ro code   0x800'0f44    0x66  ABImemset.o [4]
  .text              ro code   0x800'0fac    0x40  stm32f4xx_hal.o [1]
  .text              ro code   0x800'0fec    0x38  stm32f4xx_hal_msp.o [1]
  .text              ro code   0x800'1024     0xc  stm32f4xx_hal.o [1]
  .text              ro code   0x800'1030   0x106  I64DivMod_small.o [4]
  .text              ro code   0x800'1138     0x2  I64DivZer.o [4]
  .text              ro code   0x800'113a    0x38  packbits_init_single.o [4]
  .text              ro code   0x800'1174    0x2c  system_stm32f4xx.o [1]
  .text              ro code   0x800'11a0    0x28  data_init.o [4]
  .text              ro code   0x800'11c8    0x22  fpinit_M.o [3]
  .iar.init_table    const     0x800'11ec    0x10  - Linker created -
  .text              ro code   0x800'11fc    0x20  stm32f4xx_it.o [1]
  .text              ro code   0x800'121c    0x10  stm32f4xx_hal.o [1]
  .text              ro code   0x800'122c    0x1e  cmain.o [4]
  .text              ro code   0x800'124a     0x4  low_level_init.o [2]
  .text              ro code   0x800'124e     0x4  exit.o [2]
  .text              ro code   0x800'1254     0xa  cexit.o [4]
  .text              ro code   0x800'1260    0x14  exit.o [5]
  .text              ro code   0x800'1274    0x10  startup_stm32f405xx.o [1]
  .text              ro code   0x800'1284     0xc  cstartup_M.o [4]
  .text              ro code   0x800'1290     0x4  startup_stm32f405xx.o [1]
  .text              ro code   0x800'1294     0x4  startup_stm32f405xx.o [1]
  .text              ro code   0x800'1298     0x4  startup_stm32f405xx.o [1]
  .text              ro code   0x800'129c     0x4  startup_stm32f405xx.o [1]
  .text              ro code   0x800'12a0     0x4  startup_stm32f405xx.o [1]
  .text              ro code   0x800'12a4     0x4  startup_stm32f405xx.o [1]
  .text              ro code   0x800'12a8     0x4  startup_stm32f405xx.o [1]
  .text              ro code   0x800'12ac     0x4  startup_stm32f405xx.o [1]
  .text              ro code   0x800'12b0     0x4  startup_stm32f405xx.o [1]
  .text              ro code   0x800'12b4     0x4  startup_stm32f405xx.o [1]
  .text              ro code   0x800'12b8     0x4  startup_stm32f405xx.o [1]
  .text              ro code   0x800'12bc     0x4  startup_stm32f405xx.o [1]
  .text              ro code   0x800'12c0     0x4  startup_stm32f405xx.o [1]
  .text              ro code   0x800'12c4     0x4  startup_stm32f405xx.o [1]
  .text              ro code   0x800'12c8     0x4  startup_stm32f405xx.o [1]
  .text              ro code   0x800'12cc     0x4  startup_stm32f405xx.o [1]
  .text              ro code   0x800'12d0     0x4  startup_stm32f405xx.o [1]
  .text              ro code   0x800'12d4     0x4  startup_stm32f405xx.o [1]
  .text              ro code   0x800'12d8     0x4  startup_stm32f405xx.o [1]
  .text              ro code   0x800'12dc     0x4  startup_stm32f405xx.o [1]
  .text              ro code   0x800'12e0     0x4  startup_stm32f405xx.o [1]
  .text              ro code   0x800'12e4     0x4  startup_stm32f405xx.o [1]
  .text              ro code   0x800'12e8     0x4  startup_stm32f405xx.o [1]
  .text              ro code   0x800'12ec     0x4  startup_stm32f405xx.o [1]
  .text              ro code   0x800'12f0     0x4  startup_stm32f405xx.o [1]
  .text              ro code   0x800'12f4     0x4  startup_stm32f405xx.o [1]
  .text              ro code   0x800'12f8     0x4  startup_stm32f405xx.o [1]
  .text              ro code   0x800'12fc     0x4  startup_stm32f405xx.o [1]
  .text              ro code   0x800'1300     0x4  startup_stm32f405xx.o [1]
  .text              ro code   0x800'1304     0x4  startup_stm32f405xx.o [1]
  .text              ro code   0x800'1308     0x4  startup_stm32f405xx.o [1]
  .text              ro code   0x800'130c     0x4  startup_stm32f405xx.o [1]
  .text              ro code   0x800'1310     0x4  startup_stm32f405xx.o [1]
  .text              ro code   0x800'1314     0x4  startup_stm32f405xx.o [1]
  .text              ro code   0x800'1318     0x4  startup_stm32f405xx.o [1]
  .text              ro code   0x800'131c     0x4  startup_stm32f405xx.o [1]
  .text              ro code   0x800'1320     0x4  startup_stm32f405xx.o [1]
  .text              ro code   0x800'1324     0x4  startup_stm32f405xx.o [1]
  .text              ro code   0x800'1328     0x4  startup_stm32f405xx.o [1]
  .text              ro code   0x800'132c     0x4  startup_stm32f405xx.o [1]
  .text              ro code   0x800'1330     0x4  startup_stm32f405xx.o [1]
  .text              ro code   0x800'1334     0x4  startup_stm32f405xx.o [1]
  .text              ro code   0x800'1338     0x4  startup_stm32f405xx.o [1]
  .text              ro code   0x800'133c     0x4  startup_stm32f405xx.o [1]
  .text              ro code   0x800'1340     0x4  startup_stm32f405xx.o [1]
  .text              ro code   0x800'1344     0x4  startup_stm32f405xx.o [1]
  .text              ro code   0x800'1348     0x4  startup_stm32f405xx.o [1]
  .text              ro code   0x800'134c     0x4  startup_stm32f405xx.o [1]
  .text              ro code   0x800'1350     0x4  startup_stm32f405xx.o [1]
  .text              ro code   0x800'1354     0x4  startup_stm32f405xx.o [1]
  .text              ro code   0x800'1358     0x4  startup_stm32f405xx.o [1]
  .text              ro code   0x800'135c     0x4  startup_stm32f405xx.o [1]
  .text              ro code   0x800'1360     0x4  startup_stm32f405xx.o [1]
  .text              ro code   0x800'1364     0x4  startup_stm32f405xx.o [1]
  .text              ro code   0x800'1368     0x4  startup_stm32f405xx.o [1]
  .text              ro code   0x800'136c     0x4  startup_stm32f405xx.o [1]
  .text              ro code   0x800'1370     0x4  startup_stm32f405xx.o [1]
  .text              ro code   0x800'1374     0x4  startup_stm32f405xx.o [1]
  .text              ro code   0x800'1378     0x4  startup_stm32f405xx.o [1]
  .text              ro code   0x800'137c     0x4  startup_stm32f405xx.o [1]
  .text              ro code   0x800'1380     0x4  startup_stm32f405xx.o [1]
  .text              ro code   0x800'1384     0x4  startup_stm32f405xx.o [1]
  .text              ro code   0x800'1388     0x4  startup_stm32f405xx.o [1]
  .text              ro code   0x800'138c     0x4  startup_stm32f405xx.o [1]
  .text              ro code   0x800'1390     0x4  startup_stm32f405xx.o [1]
  .text              ro code   0x800'1394     0x4  startup_stm32f405xx.o [1]
  .text              ro code   0x800'1398     0x4  startup_stm32f405xx.o [1]
  .text              ro code   0x800'139c     0x4  startup_stm32f405xx.o [1]
  .text              ro code   0x800'13a0     0x4  startup_stm32f405xx.o [1]
  .text              ro code   0x800'13a4     0x4  startup_stm32f405xx.o [1]
  .text              ro code   0x800'13a8     0x4  startup_stm32f405xx.o [1]
  .text              ro code   0x800'13ac     0x4  startup_stm32f405xx.o [1]
  .text              ro code   0x800'13b0     0x4  startup_stm32f405xx.o [1]
  .text              ro code   0x800'13b4     0x4  startup_stm32f405xx.o [1]
  .text              ro code   0x800'13b8     0x4  startup_stm32f405xx.o [1]
  .text              ro code   0x800'13bc     0x4  startup_stm32f405xx.o [1]
  .text              ro code   0x800'13c0     0x4  startup_stm32f405xx.o [1]
  .rodata            const     0x800'13c4     0x0  packbits_init_single.o [4]
  Initializer bytes  const     0x800'13c4     0xd  <for P2-1>
                             - 0x800'13d1  0x1249

"P2", part 1 of 2:                           0x50
  P2-1                        0x2000'0000    0x50  <Init block>
    .data            inited   0x2000'0000     0xc  stm32f4xx_hal.o [1]
    .data            inited   0x2000'000c     0x4  system_stm32f4xx.o [1]
    .bss             inited   0x2000'0010    0x40  tim.o [1]
                            - 0x2000'0050    0x50

"P2", part 2 of 2:                          0x400
  CSTACK                      0x2000'0050   0x400  <Block>
    CSTACK           uninit   0x2000'0050   0x400  <Block tail>
                            - 0x2000'0450   0x400

Unused ranges:

         From           To      Size
         ----           --      ----
   0x800'13d1   0x80f'ffff  0xf'ec2f
  0x2000'0450  0x2001'ffff  0x1'fbb0


*******************************************************************************
*** INIT TABLE
***

          Address      Size
          -------      ----
Copy/packbits (__iar_packbits_init_single3)
    1 source range, total size 0xd (16% of destination):
           0x800'13c4   0xd
    1 destination range, total size 0x50:
          0x2000'0000  0x50



*******************************************************************************
*** MODULE SUMMARY
***

    Module                  ro code  ro data  rw data
    ------                  -------  -------  -------
command line/config:
    -------------------------------------------------
    Total:

D:\kkaengji\stm32f405rg\TimerCount3\EWARM\TimerCount3\Obj: [1]
    gpio.o                      124
    main.o                      218
    startup_stm32f405xx.o       716
    stm32f4xx_hal.o             144        1       12
    stm32f4xx_hal_cortex.o      196
    stm32f4xx_hal_gpio.o        496
    stm32f4xx_hal_msp.o          56
    stm32f4xx_hal_rcc.o       1'168
    stm32f4xx_hal_tim.o         924
    stm32f4xx_hal_tim_ex.o      144
    stm32f4xx_it.o               32
    system_stm32f4xx.o           44        1        4
    tim.o                       172       11       64
    -------------------------------------------------
    Total:                    4'434       13       80

dl7M_tln.a: [2]
    exit.o                        4
    low_level_init.o              4
    -------------------------------------------------
    Total:                        8

m7M_tls.a: [3]
    fpinit_M.o                   34
    -------------------------------------------------
    Total:                       34

rt7M_tl.a: [4]
    ABImemset.o                 102
    I64DivMod_small.o           262
    I64DivZer.o                   2
    cexit.o                      10
    cmain.o                      30
    cstartup_M.o                 12
    data_init.o                  40
    memset.o                     20
    packbits_init_single.o       56
    -------------------------------------------------
    Total:                      534

shb_l.a: [5]
    exit.o                       20
    -------------------------------------------------
    Total:                       20

    Gaps                         12        2
    Linker created                        16    1'024
-----------------------------------------------------
    Grand Total:              5'042       31    1'104


*******************************************************************************
*** ENTRY LIST
***

Entry                       Address   Size  Type      Object
-----                       -------   ----  ----      ------
.iar.init_table$$Base    0x800'11ec          --   Gb  - Linker created -
.iar.init_table$$Limit   0x800'11fc          --   Gb  - Linker created -
?main                    0x800'122d         Code  Gb  cmain.o [4]
AHBPrescTable            0x800'1190   0x10  Data  Gb  system_stm32f4xx.o [1]
BusFault_Handler         0x800'1203    0x2  Code  Gb  stm32f4xx_it.o [1]
CSTACK$$Base            0x2000'0050          --   Gb  - Linker created -
CSTACK$$Limit           0x2000'0450          --   Gb  - Linker created -
DebugMon_Handler         0x800'1209    0x2  Code  Gb  stm32f4xx_it.o [1]
Error_Handler            0x800'06a5    0x2  Code  Gb  main.o [1]
HAL_GPIO_Init            0x800'0d55  0x1ae  Code  Gb  stm32f4xx_hal_gpio.o [1]
HAL_GPIO_TogglePin       0x800'0f0b    0xe  Code  Gb  stm32f4xx_hal_gpio.o [1]
HAL_GPIO_WritePin        0x800'0f03    0x8  Code  Gb  stm32f4xx_hal_gpio.o [1]
HAL_GetTick              0x800'1025    0xc  Code  Wk  stm32f4xx_hal.o [1]
HAL_IncTick              0x800'121d   0x10  Code  Wk  stm32f4xx_hal.o [1]
HAL_Init                 0x800'0815   0x30  Code  Gb  stm32f4xx_hal.o [1]
HAL_InitTick             0x800'0fad   0x40  Code  Wk  stm32f4xx_hal.o [1]
HAL_MspInit              0x800'0fed   0x38  Code  Gb  stm32f4xx_hal_msp.o [1]
HAL_NVIC_EnableIRQ       0x800'07bf   0x16  Code  Gb  stm32f4xx_hal_cortex.o [1]
HAL_NVIC_SetPriority     0x800'0785   0x3a  Code  Gb  stm32f4xx_hal_cortex.o [1]
HAL_NVIC_SetPriorityGrouping
                         0x800'076b   0x1a  Code  Gb  stm32f4xx_hal_cortex.o [1]
HAL_RCC_ClockConfig      0x800'0bd5  0x100  Code  Gb  stm32f4xx_hal_rcc.o [1]
HAL_RCC_OscConfig        0x800'08c5  0x310  Code  Wk  stm32f4xx_hal_rcc.o [1]
HAL_SYSTICK_Config       0x800'07d5   0x28  Code  Gb  stm32f4xx_hal_cortex.o [1]
HAL_TIMEx_BreakCallback
                         0x800'06a7    0x2  Code  Wk  stm32f4xx_hal_tim_ex.o [1]
HAL_TIMEx_CommutCallback
                         0x800'06ab    0x2  Code  Wk  stm32f4xx_hal_tim_ex.o [1]
HAL_TIMEx_MasterConfigSynchronization
                         0x800'06c5   0x6e  Code  Gb  stm32f4xx_hal_tim_ex.o [1]
HAL_TIM_Base_Init        0x800'0189   0x1a  Code  Gb  stm32f4xx_hal_tim.o [1]
HAL_TIM_Base_MspInit     0x800'0587   0x36  Code  Gb  tim.o [1]
HAL_TIM_Base_Start_IT    0x800'01a3   0x20  Code  Gb  stm32f4xx_hal_tim.o [1]
HAL_TIM_ConfigClockSource
                         0x800'032f   0x90  Code  Gb  stm32f4xx_hal_tim.o [1]
HAL_TIM_IRQHandler       0x800'01e7  0x142  Code  Gb  stm32f4xx_hal_tim.o [1]
HAL_TIM_PeriodElapsedCallback
                         0x800'067d   0x12  Code  Gb  main.o [1]
HardFault_Handler        0x800'11ff    0x2  Code  Gb  stm32f4xx_it.o [1]
MX_GPIO_Init             0x800'0849   0x7c  Code  Gb  gpio.o [1]
MX_TIM3_Init             0x800'051d   0x6a  Code  Gb  tim.o [1]
MemManage_Handler        0x800'1201    0x2  Code  Gb  stm32f4xx_it.o [1]
NMI_Handler              0x800'11fd    0x2  Code  Gb  stm32f4xx_it.o [1]
PendSV_Handler           0x800'120b    0x2  Code  Gb  stm32f4xx_it.o [1]
Region$$Table$$Base      0x800'11ec          --   Gb  - Linker created -
Region$$Table$$Limit     0x800'11fc          --   Gb  - Linker created -
SVC_Handler              0x800'1207    0x2  Code  Gb  stm32f4xx_it.o [1]
SysTick_Handler          0x800'120d    0x4  Code  Gb  stm32f4xx_it.o [1]
SystemClock_Config       0x800'05e7   0x96  Code  Gb  main.o [1]
SystemCoreClock         0x2000'000c    0x4  Data  Gb  system_stm32f4xx.o [1]
SystemInit               0x800'1175   0x14  Code  Gb  system_stm32f4xx.o [1]
TIM3_IRQHandler          0x800'1211    0x6  Code  Gb  stm32f4xx_it.o [1]
TIM_Base_SetConfig       0x800'03e9   0x96  Code  Gb  stm32f4xx_hal_tim.o [1]
TIM_ETR_SetConfig        0x800'0503   0x14  Code  Gb  stm32f4xx_hal_tim.o [1]
TIM_ITRx_SetConfig       0x800'04f3   0x10  Code  Lc  stm32f4xx_hal_tim.o [1]
TIM_TI1_ConfigInputStage
                         0x800'04b1   0x1e  Code  Lc  stm32f4xx_hal_tim.o [1]
TIM_TI2_ConfigInputStage
                         0x800'04cf   0x24  Code  Lc  stm32f4xx_hal_tim.o [1]
UsageFault_Handler       0x800'1205    0x2  Code  Gb  stm32f4xx_it.o [1]
__NVIC_SetPriority       0x800'0751   0x1a  Code  Lc  stm32f4xx_hal_cortex.o [1]
__aeabi_ldiv0            0x800'1139         Code  Gb  I64DivZer.o [4]
__aeabi_memset           0x800'0f45         Code  Gb  ABImemset.o [4]
__cmain                  0x800'122d         Code  Gb  cmain.o [4]
__exit                   0x800'1261   0x14  Code  Gb  exit.o [5]
__iar_Memset             0x800'0f45         Code  Gb  ABImemset.o [4]
__iar_Memset_word        0x800'0f4d         Code  Gb  ABImemset.o [4]
__iar_data_init3         0x800'11a1   0x28  Code  Gb  data_init.o [4]
__iar_init_vfp           0x800'11c9         Code  Gb  fpinit_M.o [3]
__iar_packbits_init_single3
                         0x800'113b   0x38  Code  Gb  packbits_init_single.o [4]
__iar_program_start      0x800'1285         Code  Gb  cstartup_M.o [4]
__iar_small_uldivmod     0x800'1031         Code  Gb  I64DivMod_small.o [4]
__low_level_init         0x800'124b    0x4  Code  Gb  low_level_init.o [2]
__vector_table           0x800'0000         Data  Gb  startup_stm32f405xx.o [1]
_call_main               0x800'1239         Code  Gb  cmain.o [4]
_exit                    0x800'1255         Code  Gb  cexit.o [4]
_main                    0x800'1247         Code  Gb  cmain.o [4]
exit                     0x800'124f    0x4  Code  Gb  exit.o [2]
htim3                   0x2000'0010   0x40  Data  Gb  tim.o [1]
main                     0x800'05cd   0x1a  Code  Gb  main.o [1]
memset                   0x800'06af   0x14  Code  Gb  memset.o [4]
uwTick                  0x2000'0004    0x4  Data  Gb  stm32f4xx_hal.o [1]
uwTickFreq              0x2000'0000    0x1  Data  Gb  stm32f4xx_hal.o [1]
uwTickPrio              0x2000'0008    0x4  Data  Gb  stm32f4xx_hal.o [1]


[1] = D:\kkaengji\stm32f405rg\TimerCount3\EWARM\TimerCount3\Obj
[2] = dl7M_tln.a
[3] = m7M_tls.a
[4] = rt7M_tl.a
[5] = shb_l.a

  5'042 bytes of readonly  code memory
     31 bytes of readonly  data memory
  1'104 bytes of readwrite data memory

Errors: none
Warnings: none
