###############################################################################
#
# IAR ELF Linker V8.50.4.261/W32 for ARM                  23/Jun/2020  16:34:54
# Copyright 2007-2020 IAR Systems AB.
#
#    Output file  =
#        D:\kkaengji\stm32f405rg\TIME3_FND\EWARM\TIME3_FND\Exe\TIME3_FND.out
#    Map file     =
#        D:\kkaengji\stm32f405rg\TIME3_FND\EWARM\TIME3_FND\List\TIME3_FND.map
#    Command line =
#        -f C:\Users\PKNU\AppData\Local\Temp\EW2AC8.tmp
#        (D:\kkaengji\stm32f405rg\TIME3_FND\EWARM\TIME3_FND\Obj\gpio.o
#        D:\kkaengji\stm32f405rg\TIME3_FND\EWARM\TIME3_FND\Obj\main.o
#        D:\kkaengji\stm32f405rg\TIME3_FND\EWARM\TIME3_FND\Obj\startup_stm32f405xx.o
#        D:\kkaengji\stm32f405rg\TIME3_FND\EWARM\TIME3_FND\Obj\stm32f4xx_hal.o
#        D:\kkaengji\stm32f405rg\TIME3_FND\EWARM\TIME3_FND\Obj\stm32f4xx_hal_cortex.o
#        D:\kkaengji\stm32f405rg\TIME3_FND\EWARM\TIME3_FND\Obj\stm32f4xx_hal_dma.o
#        D:\kkaengji\stm32f405rg\TIME3_FND\EWARM\TIME3_FND\Obj\stm32f4xx_hal_dma_ex.o
#        D:\kkaengji\stm32f405rg\TIME3_FND\EWARM\TIME3_FND\Obj\stm32f4xx_hal_exti.o
#        D:\kkaengji\stm32f405rg\TIME3_FND\EWARM\TIME3_FND\Obj\stm32f4xx_hal_flash.o
#        D:\kkaengji\stm32f405rg\TIME3_FND\EWARM\TIME3_FND\Obj\stm32f4xx_hal_flash_ex.o
#        D:\kkaengji\stm32f405rg\TIME3_FND\EWARM\TIME3_FND\Obj\stm32f4xx_hal_flash_ramfunc.o
#        D:\kkaengji\stm32f405rg\TIME3_FND\EWARM\TIME3_FND\Obj\stm32f4xx_hal_gpio.o
#        D:\kkaengji\stm32f405rg\TIME3_FND\EWARM\TIME3_FND\Obj\stm32f4xx_hal_msp.o
#        D:\kkaengji\stm32f405rg\TIME3_FND\EWARM\TIME3_FND\Obj\stm32f4xx_hal_pwr.o
#        D:\kkaengji\stm32f405rg\TIME3_FND\EWARM\TIME3_FND\Obj\stm32f4xx_hal_pwr_ex.o
#        D:\kkaengji\stm32f405rg\TIME3_FND\EWARM\TIME3_FND\Obj\stm32f4xx_hal_rcc.o
#        D:\kkaengji\stm32f405rg\TIME3_FND\EWARM\TIME3_FND\Obj\stm32f4xx_hal_rcc_ex.o
#        D:\kkaengji\stm32f405rg\TIME3_FND\EWARM\TIME3_FND\Obj\stm32f4xx_hal_tim.o
#        D:\kkaengji\stm32f405rg\TIME3_FND\EWARM\TIME3_FND\Obj\stm32f4xx_hal_tim_ex.o
#        D:\kkaengji\stm32f405rg\TIME3_FND\EWARM\TIME3_FND\Obj\stm32f4xx_it.o
#        D:\kkaengji\stm32f405rg\TIME3_FND\EWARM\TIME3_FND\Obj\system_stm32f4xx.o
#        D:\kkaengji\stm32f405rg\TIME3_FND\EWARM\TIME3_FND\Obj\tim.o --redirect
#        _Printf=_PrintfFull --redirect _Scanf=_ScanfFull --no_out_extension -o
#        D:\kkaengji\stm32f405rg\TIME3_FND\EWARM\TIME3_FND\Exe\TIME3_FND.out
#        --map
#        D:\kkaengji\stm32f405rg\TIME3_FND\EWARM\TIME3_FND\List\TIME3_FND.map
#        --config D:\kkaengji\stm32f405rg\TIME3_FND\EWARM/stm32f405xx_flash.icf
#        --semihosting --entry __iar_program_start --vfe --text_out locale)
#
###############################################################################

*******************************************************************************
*** RUNTIME MODEL ATTRIBUTES
***

CppFlavor       = *
__SystemLibrary = DLib
__dlib_version  = 6


*******************************************************************************
*** HEAP SELECTION
***

The basic heap was selected because no calls to memory allocation
functions were found in the application outside of system library
functions, and there are calls to deallocation functions in the
application.


*******************************************************************************
*** PLACEMENT SUMMARY
***

"A0":  place at address 0x800'0000 { ro section .intvec };
"P1":  place in [from 0x800'0000 to 0x80f'ffff] { ro };
define block CSTACK with size = 1K, alignment = 8 { };
define block HEAP with size = 512, alignment = 8 { };
"P2":  place in [from 0x2000'0000 to 0x2001'ffff] {
          rw, block CSTACK, block HEAP };
initialize by copy { rw };

  Section            Kind         Address    Size  Object
  -------            ----         -------    ----  ------
"A0":                                       0x188
  .intvec            ro code   0x800'0000   0x188  startup_stm32f405xx.o [1]
                             - 0x800'0188   0x188

"P1":                                      0x1166
  .text              ro code   0x800'0188   0x310  stm32f4xx_hal_rcc.o [1]
  .text              ro code   0x800'0498     0xc  stm32f4xx_hal.o [1]
  .text              ro code   0x800'04a4   0x268  stm32f4xx_hal_tim.o [1]
  .text              ro code   0x800'070c    0x88  tim.o [1]
  .text              ro code   0x800'0794     0x2  stm32f4xx_hal_tim.o [1]
  .text              ro code   0x800'0796     0x2  stm32f4xx_hal_tim.o [1]
  .text              ro code   0x800'0798   0x106  main.o [1]
  .text              ro code   0x800'089e     0x2  stm32f4xx_hal_tim_ex.o [1]
  .text              ro code   0x800'08a0     0x2  stm32f4xx_hal_tim.o [1]
  .text              ro code   0x800'08a2     0x2  stm32f4xx_hal_tim_ex.o [1]
  .text              ro code   0x800'08a4     0x2  stm32f4xx_hal_tim.o [1]
  .text              ro code   0x800'08a6    0x14  memset.o [4]
  .text              ro code   0x800'08bc    0x8c  stm32f4xx_hal_tim_ex.o [1]
  .text              ro code   0x800'0948    0xc4  stm32f4xx_hal_cortex.o [1]
  .text              ro code   0x800'0a0c    0x34  stm32f4xx_hal.o [1]
  .text              ro code   0x800'0a40    0x80  gpio.o [1]
  .text              ro code   0x800'0ac0   0x180  stm32f4xx_hal_rcc.o [1]
  .text              ro code   0x800'0c40   0x1e4  stm32f4xx_hal_gpio.o [1]
  .text              ro code   0x800'0e24    0x66  ABImemset.o [4]
  .text              ro code   0x800'0e8c    0x40  stm32f4xx_hal.o [1]
  .text              ro code   0x800'0ecc    0x38  stm32f4xx_hal_msp.o [1]
  .text              ro code   0x800'0f04   0x106  I64DivMod_small.o [4]
  .text              ro code   0x800'100c     0x2  I64DivZer.o [4]
  .text              ro code   0x800'100e    0x38  packbits_init_single.o [4]
  .text              ro code   0x800'1048    0x2c  system_stm32f4xx.o [1]
  .text              ro code   0x800'1074    0x28  data_init.o [4]
  .text              ro code   0x800'109c    0x22  fpinit_M.o [3]
  .iar.init_table    const     0x800'10c0    0x10  - Linker created -
  .text              ro code   0x800'10d0    0x20  stm32f4xx_it.o [1]
  .text              ro code   0x800'10f0    0x10  stm32f4xx_hal.o [1]
  .text              ro code   0x800'1100    0x1e  cmain.o [4]
  .text              ro code   0x800'111e     0x4  low_level_init.o [2]
  .text              ro code   0x800'1122     0x4  exit.o [2]
  .text              ro code   0x800'1128     0xa  cexit.o [4]
  .text              ro code   0x800'1134    0x14  exit.o [5]
  .text              ro code   0x800'1148    0x10  startup_stm32f405xx.o [1]
  .text              ro code   0x800'1158     0xc  cstartup_M.o [4]
  .text              ro code   0x800'1164     0x4  startup_stm32f405xx.o [1]
  .text              ro code   0x800'1168     0x4  startup_stm32f405xx.o [1]
  .text              ro code   0x800'116c     0x4  startup_stm32f405xx.o [1]
  .text              ro code   0x800'1170     0x4  startup_stm32f405xx.o [1]
  .text              ro code   0x800'1174     0x4  startup_stm32f405xx.o [1]
  .text              ro code   0x800'1178     0x4  startup_stm32f405xx.o [1]
  .text              ro code   0x800'117c     0x4  startup_stm32f405xx.o [1]
  .text              ro code   0x800'1180     0x4  startup_stm32f405xx.o [1]
  .text              ro code   0x800'1184     0x4  startup_stm32f405xx.o [1]
  .text              ro code   0x800'1188     0x4  startup_stm32f405xx.o [1]
  .text              ro code   0x800'118c     0x4  startup_stm32f405xx.o [1]
  .text              ro code   0x800'1190     0x4  startup_stm32f405xx.o [1]
  .text              ro code   0x800'1194     0x4  startup_stm32f405xx.o [1]
  .text              ro code   0x800'1198     0x4  startup_stm32f405xx.o [1]
  .text              ro code   0x800'119c     0x4  startup_stm32f405xx.o [1]
  .text              ro code   0x800'11a0     0x4  startup_stm32f405xx.o [1]
  .text              ro code   0x800'11a4     0x4  startup_stm32f405xx.o [1]
  .text              ro code   0x800'11a8     0x4  startup_stm32f405xx.o [1]
  .text              ro code   0x800'11ac     0x4  startup_stm32f405xx.o [1]
  .text              ro code   0x800'11b0     0x4  startup_stm32f405xx.o [1]
  .text              ro code   0x800'11b4     0x4  startup_stm32f405xx.o [1]
  .text              ro code   0x800'11b8     0x4  startup_stm32f405xx.o [1]
  .text              ro code   0x800'11bc     0x4  startup_stm32f405xx.o [1]
  .text              ro code   0x800'11c0     0x4  startup_stm32f405xx.o [1]
  .text              ro code   0x800'11c4     0x4  startup_stm32f405xx.o [1]
  .text              ro code   0x800'11c8     0x4  startup_stm32f405xx.o [1]
  .text              ro code   0x800'11cc     0x4  startup_stm32f405xx.o [1]
  .text              ro code   0x800'11d0     0x4  startup_stm32f405xx.o [1]
  .text              ro code   0x800'11d4     0x4  startup_stm32f405xx.o [1]
  .text              ro code   0x800'11d8     0x4  startup_stm32f405xx.o [1]
  .text              ro code   0x800'11dc     0x4  startup_stm32f405xx.o [1]
  .text              ro code   0x800'11e0     0x4  startup_stm32f405xx.o [1]
  .text              ro code   0x800'11e4     0x4  startup_stm32f405xx.o [1]
  .text              ro code   0x800'11e8     0x4  startup_stm32f405xx.o [1]
  .text              ro code   0x800'11ec     0x4  startup_stm32f405xx.o [1]
  .text              ro code   0x800'11f0     0x4  startup_stm32f405xx.o [1]
  .text              ro code   0x800'11f4     0x4  startup_stm32f405xx.o [1]
  .text              ro code   0x800'11f8     0x4  startup_stm32f405xx.o [1]
  .text              ro code   0x800'11fc     0x4  startup_stm32f405xx.o [1]
  .text              ro code   0x800'1200     0x4  startup_stm32f405xx.o [1]
  .text              ro code   0x800'1204     0x4  startup_stm32f405xx.o [1]
  .text              ro code   0x800'1208     0x4  startup_stm32f405xx.o [1]
  .text              ro code   0x800'120c     0x4  startup_stm32f405xx.o [1]
  .text              ro code   0x800'1210     0x4  startup_stm32f405xx.o [1]
  .text              ro code   0x800'1214     0x4  startup_stm32f405xx.o [1]
  .text              ro code   0x800'1218     0x4  startup_stm32f405xx.o [1]
  .text              ro code   0x800'121c     0x4  startup_stm32f405xx.o [1]
  .text              ro code   0x800'1220     0x4  startup_stm32f405xx.o [1]
  .text              ro code   0x800'1224     0x4  startup_stm32f405xx.o [1]
  .text              ro code   0x800'1228     0x4  startup_stm32f405xx.o [1]
  .text              ro code   0x800'122c     0x4  startup_stm32f405xx.o [1]
  .text              ro code   0x800'1230     0x4  startup_stm32f405xx.o [1]
  .text              ro code   0x800'1234     0x4  startup_stm32f405xx.o [1]
  .text              ro code   0x800'1238     0x4  startup_stm32f405xx.o [1]
  .text              ro code   0x800'123c     0x4  startup_stm32f405xx.o [1]
  .text              ro code   0x800'1240     0x4  startup_stm32f405xx.o [1]
  .text              ro code   0x800'1244     0x4  startup_stm32f405xx.o [1]
  .text              ro code   0x800'1248     0x4  startup_stm32f405xx.o [1]
  .text              ro code   0x800'124c     0x4  startup_stm32f405xx.o [1]
  .text              ro code   0x800'1250     0x4  startup_stm32f405xx.o [1]
  .text              ro code   0x800'1254     0x4  startup_stm32f405xx.o [1]
  .text              ro code   0x800'1258     0x4  startup_stm32f405xx.o [1]
  .text              ro code   0x800'125c     0x4  startup_stm32f405xx.o [1]
  .text              ro code   0x800'1260     0x4  startup_stm32f405xx.o [1]
  .text              ro code   0x800'1264     0x4  startup_stm32f405xx.o [1]
  .text              ro code   0x800'1268     0x4  startup_stm32f405xx.o [1]
  .text              ro code   0x800'126c     0x4  startup_stm32f405xx.o [1]
  .text              ro code   0x800'1270     0x4  startup_stm32f405xx.o [1]
  .text              ro code   0x800'1274     0x4  startup_stm32f405xx.o [1]
  .text              ro code   0x800'1278     0x4  startup_stm32f405xx.o [1]
  .text              ro code   0x800'127c     0x4  startup_stm32f405xx.o [1]
  .text              ro code   0x800'1280     0x4  startup_stm32f405xx.o [1]
  .text              ro code   0x800'1284     0x4  startup_stm32f405xx.o [1]
  .text              ro code   0x800'1288     0x4  startup_stm32f405xx.o [1]
  .text              ro code   0x800'128c     0x4  startup_stm32f405xx.o [1]
  .text              ro code   0x800'1290     0x4  startup_stm32f405xx.o [1]
  .text              ro code   0x800'1294     0x4  startup_stm32f405xx.o [1]
  .rodata            const     0x800'1298     0x0  packbits_init_single.o [4]
  Initializer bytes  const     0x800'1298    0x56  <for P2-1>
                             - 0x800'12ee  0x1166

"P2", part 1 of 2:                           0x9c
  P2-1                        0x2000'0000    0x9c  <Init block>
    .data            inited   0x2000'0000    0x4c  main.o [1]
    .data            inited   0x2000'004c     0xc  stm32f4xx_hal.o [1]
    .data            inited   0x2000'0058     0x4  system_stm32f4xx.o [1]
    .bss             inited   0x2000'005c    0x40  tim.o [1]
                            - 0x2000'009c    0x9c

"P2", part 2 of 2:                          0x400
  CSTACK                      0x2000'00a0   0x400  <Block>
    CSTACK           uninit   0x2000'00a0   0x400  <Block tail>
                            - 0x2000'04a0   0x400

Unused ranges:

         From           To      Size
         ----           --      ----
   0x800'12ee   0x80f'ffff  0xf'ed12
  0x2000'009c  0x2000'009f       0x4
  0x2000'04a0  0x2001'ffff  0x1'fb60


*******************************************************************************
*** INIT TABLE
***

          Address      Size
          -------      ----
Copy/packbits (__iar_packbits_init_single3)
    1 source range, total size 0x56 (55% of destination):
           0x800'1298  0x56
    1 destination range, total size 0x9c:
          0x2000'0000  0x9c



*******************************************************************************
*** MODULE SUMMARY
***

    Module                  ro code  ro data  rw data
    ------                  -------  -------  -------
command line/config:
    -------------------------------------------------
    Total:

D:\kkaengji\stm32f405rg\TIME3_FND\EWARM\TIME3_FND\Obj: [1]
    gpio.o                      128
    main.o                      262       41       76
    startup_stm32f405xx.o       716
    stm32f4xx_hal.o             144        7       12
    stm32f4xx_hal_cortex.o      196
    stm32f4xx_hal_gpio.o        484
    stm32f4xx_hal_msp.o          56
    stm32f4xx_hal_rcc.o       1'168
    stm32f4xx_hal_tim.o         624
    stm32f4xx_hal_tim_ex.o      144
    stm32f4xx_it.o               32
    system_stm32f4xx.o           44        2        4
    tim.o                       136       36       64
    -------------------------------------------------
    Total:                    4'134       86      156

dl7M_tln.a: [2]
    exit.o                        4
    low_level_init.o              4
    -------------------------------------------------
    Total:                        8

m7M_tls.a: [3]
    fpinit_M.o                   34
    -------------------------------------------------
    Total:                       34

rt7M_tl.a: [4]
    ABImemset.o                 102
    I64DivMod_small.o           262
    I64DivZer.o                   2
    cexit.o                      10
    cmain.o                      30
    cstartup_M.o                 12
    data_init.o                  40
    memset.o                     20
    packbits_init_single.o       56
    -------------------------------------------------
    Total:                      534

shb_l.a: [5]
    exit.o                       20
    -------------------------------------------------
    Total:                       20

    Gaps                         12        2
    Linker created                        16    1'024
-----------------------------------------------------
    Grand Total:              4'742      104    1'180


*******************************************************************************
*** ENTRY LIST
***

Entry                       Address   Size  Type      Object
-----                       -------   ----  ----      ------
.iar.init_table$$Base    0x800'10c0          --   Gb  - Linker created -
.iar.init_table$$Limit   0x800'10d0          --   Gb  - Linker created -
?main                    0x800'1101         Code  Gb  cmain.o [4]
AHBPrescTable            0x800'1064   0x10  Data  Gb  system_stm32f4xx.o [1]
BusFault_Handler         0x800'10d7    0x2  Code  Gb  stm32f4xx_it.o [1]
CSTACK$$Base            0x2000'00a0          --   Gb  - Linker created -
CSTACK$$Limit           0x2000'04a0          --   Gb  - Linker created -
DebugMon_Handler         0x800'10dd    0x2  Code  Gb  stm32f4xx_it.o [1]
Error_Handler            0x800'089d    0x2  Code  Gb  main.o [1]
FND_DATA_TBL            0x2000'0000   0x48  Data  Gb  main.o [1]
HAL_GPIO_Init            0x800'0c41  0x1ae  Code  Gb  stm32f4xx_hal_gpio.o [1]
HAL_GPIO_WritePin        0x800'0def    0x8  Code  Gb  stm32f4xx_hal_gpio.o [1]
HAL_GetTick              0x800'0499    0xc  Code  Wk  stm32f4xx_hal.o [1]
HAL_IncTick              0x800'10f1   0x10  Code  Wk  stm32f4xx_hal.o [1]
HAL_Init                 0x800'0a0d   0x30  Code  Gb  stm32f4xx_hal.o [1]
HAL_InitTick             0x800'0e8d   0x40  Code  Wk  stm32f4xx_hal.o [1]
HAL_MspInit              0x800'0ecd   0x38  Code  Gb  stm32f4xx_hal_msp.o [1]
HAL_NVIC_EnableIRQ       0x800'09b7   0x16  Code  Gb  stm32f4xx_hal_cortex.o [1]
HAL_NVIC_SetPriority     0x800'097d   0x3a  Code  Gb  stm32f4xx_hal_cortex.o [1]
HAL_NVIC_SetPriorityGrouping
                         0x800'0963   0x1a  Code  Gb  stm32f4xx_hal_cortex.o [1]
HAL_RCC_ClockConfig      0x800'0ac1  0x100  Code  Gb  stm32f4xx_hal_rcc.o [1]
HAL_RCC_OscConfig        0x800'0189  0x310  Code  Wk  stm32f4xx_hal_rcc.o [1]
HAL_SYSTICK_Config       0x800'09cd   0x28  Code  Gb  stm32f4xx_hal_cortex.o [1]
HAL_TIMEx_BreakCallback
                         0x800'089f    0x2  Code  Wk  stm32f4xx_hal_tim_ex.o [1]
HAL_TIMEx_CommutCallback
                         0x800'08a3    0x2  Code  Wk  stm32f4xx_hal_tim_ex.o [1]
HAL_TIMEx_MasterConfigSynchronization
                         0x800'08bd   0x6e  Code  Gb  stm32f4xx_hal_tim_ex.o [1]
HAL_TIM_Base_Init        0x800'04a5   0x1a  Code  Gb  stm32f4xx_hal_tim.o [1]
HAL_TIM_Base_MspInit     0x800'0753   0x36  Code  Gb  tim.o [1]
HAL_TIM_Base_Start_IT    0x800'04bf   0x20  Code  Gb  stm32f4xx_hal_tim.o [1]
HAL_TIM_IRQHandler       0x800'0503  0x142  Code  Gb  stm32f4xx_hal_tim.o [1]
HAL_TIM_PeriodElapsedCallback
                         0x800'0849   0x3c  Code  Gb  main.o [1]
HardFault_Handler        0x800'10d3    0x2  Code  Gb  stm32f4xx_it.o [1]
MX_GPIO_Init             0x800'0a41   0x80  Code  Gb  gpio.o [1]
MX_TIM6_Init             0x800'070d   0x46  Code  Gb  tim.o [1]
MemManage_Handler        0x800'10d5    0x2  Code  Gb  stm32f4xx_it.o [1]
NMI_Handler              0x800'10d1    0x2  Code  Gb  stm32f4xx_it.o [1]
PendSV_Handler           0x800'10df    0x2  Code  Gb  stm32f4xx_it.o [1]
Region$$Table$$Base      0x800'10c0          --   Gb  - Linker created -
Region$$Table$$Limit     0x800'10d0          --   Gb  - Linker created -
SVC_Handler              0x800'10db    0x2  Code  Gb  stm32f4xx_it.o [1]
SysTick_Handler          0x800'10e1    0x4  Code  Gb  stm32f4xx_it.o [1]
SystemClock_Config       0x800'07b3   0x96  Code  Gb  main.o [1]
SystemCoreClock         0x2000'0058    0x4  Data  Gb  system_stm32f4xx.o [1]
SystemInit               0x800'1049   0x14  Code  Gb  system_stm32f4xx.o [1]
TIM6_DAC_IRQHandler      0x800'10e5    0x6  Code  Gb  stm32f4xx_it.o [1]
TIM_Base_SetConfig       0x800'064b   0x96  Code  Gb  stm32f4xx_hal_tim.o [1]
UsageFault_Handler       0x800'10d9    0x2  Code  Gb  stm32f4xx_it.o [1]
__NVIC_SetPriority       0x800'0949   0x1a  Code  Lc  stm32f4xx_hal_cortex.o [1]
__aeabi_ldiv0            0x800'100d         Code  Gb  I64DivZer.o [4]
__aeabi_memset           0x800'0e25         Code  Gb  ABImemset.o [4]
__cmain                  0x800'1101         Code  Gb  cmain.o [4]
__exit                   0x800'1135   0x14  Code  Gb  exit.o [5]
__iar_Memset             0x800'0e25         Code  Gb  ABImemset.o [4]
__iar_Memset_word        0x800'0e2d         Code  Gb  ABImemset.o [4]
__iar_data_init3         0x800'1075   0x28  Code  Gb  data_init.o [4]
__iar_init_vfp           0x800'109d         Code  Gb  fpinit_M.o [3]
__iar_packbits_init_single3
                         0x800'100f   0x38  Code  Gb  packbits_init_single.o [4]
__iar_program_start      0x800'1159         Code  Gb  cstartup_M.o [4]
__iar_small_uldivmod     0x800'0f05         Code  Gb  I64DivMod_small.o [4]
__low_level_init         0x800'111f    0x4  Code  Gb  low_level_init.o [2]
__vector_table           0x800'0000         Data  Gb  startup_stm32f405xx.o [1]
_call_main               0x800'110d         Code  Gb  cmain.o [4]
_exit                    0x800'1129         Code  Gb  cexit.o [4]
_main                    0x800'111b         Code  Gb  cmain.o [4]
cnt                     0x2000'0048    0x4  Data  Gb  main.o [1]
exit                     0x800'1123    0x4  Code  Gb  exit.o [2]
htim6                   0x2000'005c   0x40  Data  Gb  tim.o [1]
main                     0x800'0799   0x1a  Code  Gb  main.o [1]
memset                   0x800'08a7   0x14  Code  Gb  memset.o [4]
uwTick                  0x2000'0050    0x4  Data  Gb  stm32f4xx_hal.o [1]
uwTickFreq              0x2000'004c    0x1  Data  Gb  stm32f4xx_hal.o [1]
uwTickPrio              0x2000'0054    0x4  Data  Gb  stm32f4xx_hal.o [1]


[1] = D:\kkaengji\stm32f405rg\TIME3_FND\EWARM\TIME3_FND\Obj
[2] = dl7M_tln.a
[3] = m7M_tls.a
[4] = rt7M_tl.a
[5] = shb_l.a

  4'742 bytes of readonly  code memory
    104 bytes of readonly  data memory
  1'180 bytes of readwrite data memory

Errors: none
Warnings: none
