###############################################################################
#
# IAR ELF Linker V8.50.4.261/W32 for ARM                  22/Jun/2020  16:28:33
# Copyright 2007-2020 IAR Systems AB.
#
#    Output file  =
#        D:\kkaengji\stm32f405rg\INT2_LED_FND\EWARM\INT2_LED_FND\Exe\INT2_LED_FND.out
#    Map file     =
#        D:\kkaengji\stm32f405rg\INT2_LED_FND\EWARM\INT2_LED_FND\List\INT2_LED_FND.map
#    Command line =
#        -f C:\Users\PKNU\AppData\Local\Temp\EWB48E.tmp
#        (D:\kkaengji\stm32f405rg\INT2_LED_FND\EWARM\INT2_LED_FND\Obj\gpio.o
#        D:\kkaengji\stm32f405rg\INT2_LED_FND\EWARM\INT2_LED_FND\Obj\main.o
#        D:\kkaengji\stm32f405rg\INT2_LED_FND\EWARM\INT2_LED_FND\Obj\startup_stm32f405xx.o
#        D:\kkaengji\stm32f405rg\INT2_LED_FND\EWARM\INT2_LED_FND\Obj\stm32f4xx_hal.o
#        D:\kkaengji\stm32f405rg\INT2_LED_FND\EWARM\INT2_LED_FND\Obj\stm32f4xx_hal_cortex.o
#        D:\kkaengji\stm32f405rg\INT2_LED_FND\EWARM\INT2_LED_FND\Obj\stm32f4xx_hal_dma.o
#        D:\kkaengji\stm32f405rg\INT2_LED_FND\EWARM\INT2_LED_FND\Obj\stm32f4xx_hal_dma_ex.o
#        D:\kkaengji\stm32f405rg\INT2_LED_FND\EWARM\INT2_LED_FND\Obj\stm32f4xx_hal_exti.o
#        D:\kkaengji\stm32f405rg\INT2_LED_FND\EWARM\INT2_LED_FND\Obj\stm32f4xx_hal_flash.o
#        D:\kkaengji\stm32f405rg\INT2_LED_FND\EWARM\INT2_LED_FND\Obj\stm32f4xx_hal_flash_ex.o
#        D:\kkaengji\stm32f405rg\INT2_LED_FND\EWARM\INT2_LED_FND\Obj\stm32f4xx_hal_flash_ramfunc.o
#        D:\kkaengji\stm32f405rg\INT2_LED_FND\EWARM\INT2_LED_FND\Obj\stm32f4xx_hal_gpio.o
#        D:\kkaengji\stm32f405rg\INT2_LED_FND\EWARM\INT2_LED_FND\Obj\stm32f4xx_hal_msp.o
#        D:\kkaengji\stm32f405rg\INT2_LED_FND\EWARM\INT2_LED_FND\Obj\stm32f4xx_hal_pwr.o
#        D:\kkaengji\stm32f405rg\INT2_LED_FND\EWARM\INT2_LED_FND\Obj\stm32f4xx_hal_pwr_ex.o
#        D:\kkaengji\stm32f405rg\INT2_LED_FND\EWARM\INT2_LED_FND\Obj\stm32f4xx_hal_rcc.o
#        D:\kkaengji\stm32f405rg\INT2_LED_FND\EWARM\INT2_LED_FND\Obj\stm32f4xx_hal_rcc_ex.o
#        D:\kkaengji\stm32f405rg\INT2_LED_FND\EWARM\INT2_LED_FND\Obj\stm32f4xx_hal_tim.o
#        D:\kkaengji\stm32f405rg\INT2_LED_FND\EWARM\INT2_LED_FND\Obj\stm32f4xx_hal_tim_ex.o
#        D:\kkaengji\stm32f405rg\INT2_LED_FND\EWARM\INT2_LED_FND\Obj\stm32f4xx_it.o
#        D:\kkaengji\stm32f405rg\INT2_LED_FND\EWARM\INT2_LED_FND\Obj\system_stm32f4xx.o
#        --redirect _Printf=_PrintfFull --redirect _Scanf=_ScanfFull
#        --no_out_extension -o
#        D:\kkaengji\stm32f405rg\INT2_LED_FND\EWARM\INT2_LED_FND\Exe\INT2_LED_FND.out
#        --map
#        D:\kkaengji\stm32f405rg\INT2_LED_FND\EWARM\INT2_LED_FND\List\INT2_LED_FND.map
#        --config
#        D:\kkaengji\stm32f405rg\INT2_LED_FND\EWARM/stm32f405xx_flash.icf
#        --semihosting --entry __iar_program_start --vfe --text_out locale)
#
###############################################################################

*******************************************************************************
*** RUNTIME MODEL ATTRIBUTES
***

CppFlavor       = *
__SystemLibrary = DLib
__dlib_version  = 6


*******************************************************************************
*** HEAP SELECTION
***

The basic heap was selected because no calls to memory allocation
functions were found in the application outside of system library
functions, and there are calls to deallocation functions in the
application.


*******************************************************************************
*** PLACEMENT SUMMARY
***

"A0":  place at address 0x800'0000 { ro section .intvec };
"P1":  place in [from 0x800'0000 to 0x80f'ffff] { ro };
define block CSTACK with size = 1K, alignment = 8 { };
define block HEAP with size = 512, alignment = 8 { };
"P2":  place in [from 0x2000'0000 to 0x2001'ffff] {
          rw, block CSTACK, block HEAP };
initialize by copy { rw };

  Section            Kind         Address   Size  Object
  -------            ----         -------   ----  ------
"A0":                                      0x188
  .intvec            ro code   0x800'0000  0x188  startup_stm32f405xx.o [1]
                             - 0x800'0188  0x188

"P1":                                      0xf38
  .text              ro code   0x800'0188  0x310  stm32f4xx_hal_rcc.o [1]
  .text              ro code   0x800'0498    0xc  stm32f4xx_hal.o [1]
  .text              ro code   0x800'04a4  0x204  stm32f4xx_hal_gpio.o [1]
  .text              ro code   0x800'06a8  0x188  main.o [1]
  .text              ro code   0x800'0830   0x18  ABImemcpy_small.o [4]
  .text              ro code   0x800'0848   0x34  stm32f4xx_hal.o [1]
  .text              ro code   0x800'087c   0xc0  gpio.o [1]
  .text              ro code   0x800'093c   0x28  stm32f4xx_hal.o [1]
  .text              ro code   0x800'0964   0x14  memset.o [4]
  .text              ro code   0x800'0978  0x180  stm32f4xx_hal_rcc.o [1]
  .text              ro code   0x800'0af8   0xc4  stm32f4xx_hal_cortex.o [1]
  .text              ro code   0x800'0bbc   0x40  stm32f4xx_hal.o [1]
  .text              ro code   0x800'0bfc   0x48  stm32f4xx_hal_msp.o [1]
  .text              ro code   0x800'0c44   0x66  ABImemset.o [4]
  .text              ro code   0x800'0caa   0x2e  copy_init3.o [4]
  .text              ro code   0x800'0cd8  0x106  I64DivMod_small.o [4]
  .text              ro code   0x800'0de0    0x2  I64DivZer.o [4]
  .rodata            const     0x800'0de4   0x48  main.o [1]
  .text              ro code   0x800'0e2c   0x2e  stm32f4xx_it.o [1]
  .text              ro code   0x800'0e5c   0x10  stm32f4xx_hal.o [1]
  .text              ro code   0x800'0e6c   0x1e  stm32f4xx_hal_pwr.o [1]
  .text              ro code   0x800'0e8c   0x2c  system_stm32f4xx.o [1]
  .text              ro code   0x800'0eb8   0x28  data_init.o [4]
  .text              ro code   0x800'0ee0   0x22  fpinit_M.o [3]
  .iar.init_table    const     0x800'0f04   0x14  - Linker created -
  .text              ro code   0x800'0f18   0x1e  cmain.o [4]
  .text              ro code   0x800'0f36    0x4  low_level_init.o [2]
  .text              ro code   0x800'0f3a    0x4  exit.o [2]
  .text              ro code   0x800'0f40    0xa  cexit.o [4]
  .text              ro code   0x800'0f4c   0x14  exit.o [5]
  Initializer bytes  const     0x800'0f60   0x14  <for P2-1>
  .text              ro code   0x800'0f74   0x10  startup_stm32f405xx.o [1]
  .text              ro code   0x800'0f84    0xc  cstartup_M.o [4]
  .text              ro code   0x800'0f90    0x4  startup_stm32f405xx.o [1]
  .text              ro code   0x800'0f94    0x4  startup_stm32f405xx.o [1]
  .text              ro code   0x800'0f98    0x4  startup_stm32f405xx.o [1]
  .text              ro code   0x800'0f9c    0x4  startup_stm32f405xx.o [1]
  .text              ro code   0x800'0fa0    0x4  startup_stm32f405xx.o [1]
  .text              ro code   0x800'0fa4    0x4  startup_stm32f405xx.o [1]
  .text              ro code   0x800'0fa8    0x4  startup_stm32f405xx.o [1]
  .text              ro code   0x800'0fac    0x4  startup_stm32f405xx.o [1]
  .text              ro code   0x800'0fb0    0x4  startup_stm32f405xx.o [1]
  .text              ro code   0x800'0fb4    0x4  startup_stm32f405xx.o [1]
  .text              ro code   0x800'0fb8    0x4  startup_stm32f405xx.o [1]
  .text              ro code   0x800'0fbc    0x4  startup_stm32f405xx.o [1]
  .text              ro code   0x800'0fc0    0x4  startup_stm32f405xx.o [1]
  .text              ro code   0x800'0fc4    0x4  startup_stm32f405xx.o [1]
  .text              ro code   0x800'0fc8    0x4  startup_stm32f405xx.o [1]
  .text              ro code   0x800'0fcc    0x4  startup_stm32f405xx.o [1]
  .text              ro code   0x800'0fd0    0x4  startup_stm32f405xx.o [1]
  .text              ro code   0x800'0fd4    0x4  startup_stm32f405xx.o [1]
  .text              ro code   0x800'0fd8    0x4  startup_stm32f405xx.o [1]
  .text              ro code   0x800'0fdc    0x4  startup_stm32f405xx.o [1]
  .text              ro code   0x800'0fe0    0x4  startup_stm32f405xx.o [1]
  .text              ro code   0x800'0fe4    0x4  startup_stm32f405xx.o [1]
  .text              ro code   0x800'0fe8    0x4  startup_stm32f405xx.o [1]
  .text              ro code   0x800'0fec    0x4  startup_stm32f405xx.o [1]
  .text              ro code   0x800'0ff0    0x4  startup_stm32f405xx.o [1]
  .text              ro code   0x800'0ff4    0x4  startup_stm32f405xx.o [1]
  .text              ro code   0x800'0ff8    0x4  startup_stm32f405xx.o [1]
  .text              ro code   0x800'0ffc    0x4  startup_stm32f405xx.o [1]
  .text              ro code   0x800'1000    0x4  startup_stm32f405xx.o [1]
  .text              ro code   0x800'1004    0x4  startup_stm32f405xx.o [1]
  .text              ro code   0x800'1008    0x4  startup_stm32f405xx.o [1]
  .text              ro code   0x800'100c    0x4  startup_stm32f405xx.o [1]
  .text              ro code   0x800'1010    0x4  startup_stm32f405xx.o [1]
  .text              ro code   0x800'1014    0x4  startup_stm32f405xx.o [1]
  .text              ro code   0x800'1018    0x4  startup_stm32f405xx.o [1]
  .text              ro code   0x800'101c    0x4  startup_stm32f405xx.o [1]
  .text              ro code   0x800'1020    0x4  startup_stm32f405xx.o [1]
  .text              ro code   0x800'1024    0x4  startup_stm32f405xx.o [1]
  .text              ro code   0x800'1028    0x4  startup_stm32f405xx.o [1]
  .text              ro code   0x800'102c    0x4  startup_stm32f405xx.o [1]
  .text              ro code   0x800'1030    0x4  startup_stm32f405xx.o [1]
  .text              ro code   0x800'1034    0x4  startup_stm32f405xx.o [1]
  .text              ro code   0x800'1038    0x4  startup_stm32f405xx.o [1]
  .text              ro code   0x800'103c    0x4  startup_stm32f405xx.o [1]
  .text              ro code   0x800'1040    0x4  startup_stm32f405xx.o [1]
  .text              ro code   0x800'1044    0x4  startup_stm32f405xx.o [1]
  .text              ro code   0x800'1048    0x4  startup_stm32f405xx.o [1]
  .text              ro code   0x800'104c    0x4  startup_stm32f405xx.o [1]
  .text              ro code   0x800'1050    0x4  startup_stm32f405xx.o [1]
  .text              ro code   0x800'1054    0x4  startup_stm32f405xx.o [1]
  .text              ro code   0x800'1058    0x4  startup_stm32f405xx.o [1]
  .text              ro code   0x800'105c    0x4  startup_stm32f405xx.o [1]
  .text              ro code   0x800'1060    0x4  startup_stm32f405xx.o [1]
  .text              ro code   0x800'1064    0x4  startup_stm32f405xx.o [1]
  .text              ro code   0x800'1068    0x4  startup_stm32f405xx.o [1]
  .text              ro code   0x800'106c    0x4  startup_stm32f405xx.o [1]
  .text              ro code   0x800'1070    0x4  startup_stm32f405xx.o [1]
  .text              ro code   0x800'1074    0x4  startup_stm32f405xx.o [1]
  .text              ro code   0x800'1078    0x4  startup_stm32f405xx.o [1]
  .text              ro code   0x800'107c    0x4  startup_stm32f405xx.o [1]
  .text              ro code   0x800'1080    0x4  startup_stm32f405xx.o [1]
  .text              ro code   0x800'1084    0x4  startup_stm32f405xx.o [1]
  .text              ro code   0x800'1088    0x4  startup_stm32f405xx.o [1]
  .text              ro code   0x800'108c    0x4  startup_stm32f405xx.o [1]
  .text              ro code   0x800'1090    0x4  startup_stm32f405xx.o [1]
  .text              ro code   0x800'1094    0x4  startup_stm32f405xx.o [1]
  .text              ro code   0x800'1098    0x4  startup_stm32f405xx.o [1]
  .text              ro code   0x800'109c    0x4  startup_stm32f405xx.o [1]
  .text              ro code   0x800'10a0    0x4  startup_stm32f405xx.o [1]
  .text              ro code   0x800'10a4    0x4  startup_stm32f405xx.o [1]
  .text              ro code   0x800'10a8    0x4  startup_stm32f405xx.o [1]
  .text              ro code   0x800'10ac    0x4  startup_stm32f405xx.o [1]
  .text              ro code   0x800'10b0    0x4  startup_stm32f405xx.o [1]
  .text              ro code   0x800'10b4    0x4  startup_stm32f405xx.o [1]
  .text              ro code   0x800'10b8    0x4  startup_stm32f405xx.o [1]
  .text              ro code   0x800'10bc    0x4  startup_stm32f405xx.o [1]
  .rodata            const     0x800'10c0    0x0  copy_init3.o [4]
                             - 0x800'10c0  0xf38

"P2", part 1 of 2:                          0x14
  P2-1                        0x2000'0000   0x12  <Init block>
    .data            inited   0x2000'0000    0xc  stm32f4xx_hal.o [1]
    .data            inited   0x2000'000c    0x4  system_stm32f4xx.o [1]
    .bss             inited   0x2000'0010    0x2  main.o [1]
                            - 0x2000'0012   0x12

"P2", part 2 of 2:                         0x400
  CSTACK                      0x2000'0018  0x400  <Block>
    CSTACK           uninit   0x2000'0018  0x400  <Block tail>
                            - 0x2000'0418  0x400

Unused ranges:

         From           To      Size
         ----           --      ----
   0x800'10c0   0x80f'ffff  0xf'ef40
  0x2000'0014  0x2000'0017       0x4
  0x2000'0418  0x2001'ffff  0x1'fbe8


*******************************************************************************
*** INIT TABLE
***

          Address      Size
          -------      ----
Copy (__iar_copy_init3)
    1 source range, total size 0x14 (111% of destination):
           0x800'0f60  0x14
    1 destination range, total size 0x12:
          0x2000'0000  0x12



*******************************************************************************
*** MODULE SUMMARY
***

    Module                  ro code  ro data  rw data
    ------                  -------  -------  -------
command line/config:
    -------------------------------------------------
    Total:

D:\kkaengji\stm32f405rg\INT2_LED_FND\EWARM\INT2_LED_FND\Obj: [1]
    gpio.o                      192
    main.o                      392       74        2
    startup_stm32f405xx.o       712
    stm32f4xx_hal.o             184       12       12
    stm32f4xx_hal_cortex.o      196
    stm32f4xx_hal_gpio.o        516
    stm32f4xx_hal_msp.o          72
    stm32f4xx_hal_pwr.o          30
    stm32f4xx_hal_rcc.o       1'168
    stm32f4xx_it.o               46
    system_stm32f4xx.o           44        4        4
    -------------------------------------------------
    Total:                    3'552       90       18

dl7M_tln.a: [2]
    exit.o                        4
    low_level_init.o              4
    -------------------------------------------------
    Total:                        8

m7M_tls.a: [3]
    fpinit_M.o                   34
    -------------------------------------------------
    Total:                       34

rt7M_tl.a: [4]
    ABImemcpy_small.o            24
    ABImemset.o                 102
    I64DivMod_small.o           262
    I64DivZer.o                   2
    cexit.o                      10
    cmain.o                      30
    copy_init3.o                 46
    cstartup_M.o                 12
    data_init.o                  40
    memset.o                     20
    -------------------------------------------------
    Total:                      548

shb_l.a: [5]
    exit.o                       20
    -------------------------------------------------
    Total:                       20

    Gaps                         10        4
    Linker created                        22    1'024
-----------------------------------------------------
    Grand Total:              4'172      116    1'042


*******************************************************************************
*** ENTRY LIST
***

Entry                       Address   Size  Type      Object
-----                       -------   ----  ----      ------
.iar.init_table$$Base    0x800'0f04          --   Gb  - Linker created -
.iar.init_table$$Limit   0x800'0f18          --   Gb  - Linker created -
?main                    0x800'0f19         Code  Gb  cmain.o [4]
AHBPrescTable            0x800'0ea8   0x10  Data  Gb  system_stm32f4xx.o [1]
BusFault_Handler         0x800'0e33    0x2  Code  Gb  stm32f4xx_it.o [1]
CSTACK$$Base            0x2000'0018          --   Gb  - Linker created -
CSTACK$$Limit           0x2000'0418          --   Gb  - Linker created -
DebugMon_Handler         0x800'0e39    0x2  Code  Gb  stm32f4xx_it.o [1]
EXTI15_10_IRQHandler     0x800'0e45   0x16  Code  Gb  stm32f4xx_it.o [1]
HAL_Delay                0x800'093d   0x28  Code  Wk  stm32f4xx_hal.o [1]
HAL_GPIO_EXTI_Callback   0x800'07d3   0x36  Code  Gb  main.o [1]
HAL_GPIO_EXTI_IRQHandler
                         0x800'0667   0x10  Code  Gb  stm32f4xx_hal_gpio.o [1]
HAL_GPIO_Init            0x800'04a5  0x1ae  Code  Gb  stm32f4xx_hal_gpio.o [1]
HAL_GPIO_ReadPin         0x800'0653    0xc  Code  Gb  stm32f4xx_hal_gpio.o [1]
HAL_GPIO_WritePin        0x800'065f    0x8  Code  Gb  stm32f4xx_hal_gpio.o [1]
HAL_GetTick              0x800'0499    0xc  Code  Wk  stm32f4xx_hal.o [1]
HAL_IncTick              0x800'0e5d   0x10  Code  Wk  stm32f4xx_hal.o [1]
HAL_Init                 0x800'0849   0x30  Code  Gb  stm32f4xx_hal.o [1]
HAL_InitTick             0x800'0bbd   0x40  Code  Wk  stm32f4xx_hal.o [1]
HAL_MspInit              0x800'0bfd   0x48  Code  Gb  stm32f4xx_hal_msp.o [1]
HAL_NVIC_EnableIRQ       0x800'0b67   0x16  Code  Gb  stm32f4xx_hal_cortex.o [1]
HAL_NVIC_SetPriority     0x800'0b2d   0x3a  Code  Gb  stm32f4xx_hal_cortex.o [1]
HAL_NVIC_SetPriorityGrouping
                         0x800'0b13   0x1a  Code  Gb  stm32f4xx_hal_cortex.o [1]
HAL_PWR_PVD_IRQHandler   0x800'0e6d   0x16  Code  Gb  stm32f4xx_hal_pwr.o [1]
HAL_RCC_ClockConfig      0x800'0979  0x100  Code  Gb  stm32f4xx_hal_rcc.o [1]
HAL_RCC_OscConfig        0x800'0189  0x310  Code  Wk  stm32f4xx_hal_rcc.o [1]
HAL_SYSTICK_Config       0x800'0b7d   0x28  Code  Gb  stm32f4xx_hal_cortex.o [1]
HardFault_Handler        0x800'0e2f    0x2  Code  Gb  stm32f4xx_it.o [1]
MX_GPIO_Init             0x800'087d   0xc0  Code  Gb  gpio.o [1]
MemManage_Handler        0x800'0e31    0x2  Code  Gb  stm32f4xx_it.o [1]
NMI_Handler              0x800'0e2d    0x2  Code  Gb  stm32f4xx_it.o [1]
PVD_IRQHandler           0x800'0e41    0x4  Code  Gb  stm32f4xx_it.o [1]
PendSV_Handler           0x800'0e3b    0x2  Code  Gb  stm32f4xx_it.o [1]
Region$$Table$$Base      0x800'0f04          --   Gb  - Linker created -
Region$$Table$$Limit     0x800'0f18          --   Gb  - Linker created -
SVC_Handler              0x800'0e37    0x2  Code  Gb  stm32f4xx_it.o [1]
SysTick_Handler          0x800'0e3d    0x4  Code  Gb  stm32f4xx_it.o [1]
SystemClock_Config       0x800'073d   0x96  Code  Gb  main.o [1]
SystemCoreClock         0x2000'000c    0x4  Data  Gb  system_stm32f4xx.o [1]
SystemInit               0x800'0e8d   0x14  Code  Gb  system_stm32f4xx.o [1]
Time_STOP               0x2000'0010    0x1  Data  Gb  main.o [1]
Time_STOP2              0x2000'0011    0x1  Data  Gb  main.o [1]
UsageFault_Handler       0x800'0e35    0x2  Code  Gb  stm32f4xx_it.o [1]
__NVIC_SetPriority       0x800'0af9   0x1a  Code  Lc  stm32f4xx_hal_cortex.o [1]
__aeabi_ldiv0            0x800'0de1         Code  Gb  I64DivZer.o [4]
__aeabi_memset           0x800'0c45         Code  Gb  ABImemset.o [4]
__cmain                  0x800'0f19         Code  Gb  cmain.o [4]
__exit                   0x800'0f4d   0x14  Code  Gb  exit.o [5]
__iar_Memset             0x800'0c45         Code  Gb  ABImemset.o [4]
__iar_Memset_word        0x800'0c4d         Code  Gb  ABImemset.o [4]
__iar_copy_init3         0x800'0cab   0x2e  Code  Gb  copy_init3.o [4]
__iar_data_init3         0x800'0eb9   0x28  Code  Gb  data_init.o [4]
__iar_init_vfp           0x800'0ee1         Code  Gb  fpinit_M.o [3]
__iar_program_start      0x800'0f85         Code  Gb  cstartup_M.o [4]
__iar_small_Memcpy       0x800'0835         Code  Gb  ABImemcpy_small.o [4]
__iar_small_memcpy       0x800'0831         Code  Gb  ABImemcpy_small.o [4]
__iar_small_memcpy4      0x800'0831         Code  Gb  ABImemcpy_small.o [4]
__iar_small_memcpy8      0x800'0831         Code  Gb  ABImemcpy_small.o [4]
__iar_small_uldivmod     0x800'0cd9         Code  Gb  I64DivMod_small.o [4]
__low_level_init         0x800'0f37    0x4  Code  Gb  low_level_init.o [2]
__vector_table           0x800'0000         Data  Gb  startup_stm32f405xx.o [1]
_call_main               0x800'0f25         Code  Gb  cmain.o [4]
_exit                    0x800'0f41         Code  Gb  cexit.o [4]
_main                    0x800'0f33         Code  Gb  cmain.o [4]
exit                     0x800'0f3b    0x4  Code  Gb  exit.o [2]
main                     0x800'06a9   0x82  Code  Gb  main.o [1]
memset                   0x800'0965   0x14  Code  Gb  memset.o [4]
uwTick                  0x2000'0004    0x4  Data  Gb  stm32f4xx_hal.o [1]
uwTickFreq              0x2000'0000    0x1  Data  Gb  stm32f4xx_hal.o [1]
uwTickPrio              0x2000'0008    0x4  Data  Gb  stm32f4xx_hal.o [1]


[1] = D:\kkaengji\stm32f405rg\INT2_LED_FND\EWARM\INT2_LED_FND\Obj
[2] = dl7M_tln.a
[3] = m7M_tls.a
[4] = rt7M_tl.a
[5] = shb_l.a

  4'172 bytes of readonly  code memory
    116 bytes of readonly  data memory
  1'042 bytes of readwrite data memory

Errors: none
Warnings: none
