###############################################################################
#
# IAR ELF Linker V8.50.4.261/W32 for ARM                  23/Jun/2020  16:56:40
# Copyright 2007-2020 IAR Systems AB.
#
#    Output file  =
#        D:\kkaengji\stm32f405rg\Time9_10\EWARM\Time9_10\Exe\Time9_10.out
#    Map file     =
#        D:\kkaengji\stm32f405rg\Time9_10\EWARM\Time9_10\List\Time9_10.map
#    Command line =
#        -f C:\Users\PKNU\AppData\Local\Temp\EW19A8.tmp
#        (D:\kkaengji\stm32f405rg\Time9_10\EWARM\Time9_10\Obj\gpio.o
#        D:\kkaengji\stm32f405rg\Time9_10\EWARM\Time9_10\Obj\main.o
#        D:\kkaengji\stm32f405rg\Time9_10\EWARM\Time9_10\Obj\startup_stm32f405xx.o
#        D:\kkaengji\stm32f405rg\Time9_10\EWARM\Time9_10\Obj\stm32f4xx_hal.o
#        D:\kkaengji\stm32f405rg\Time9_10\EWARM\Time9_10\Obj\stm32f4xx_hal_cortex.o
#        D:\kkaengji\stm32f405rg\Time9_10\EWARM\Time9_10\Obj\stm32f4xx_hal_dma.o
#        D:\kkaengji\stm32f405rg\Time9_10\EWARM\Time9_10\Obj\stm32f4xx_hal_dma_ex.o
#        D:\kkaengji\stm32f405rg\Time9_10\EWARM\Time9_10\Obj\stm32f4xx_hal_exti.o
#        D:\kkaengji\stm32f405rg\Time9_10\EWARM\Time9_10\Obj\stm32f4xx_hal_flash.o
#        D:\kkaengji\stm32f405rg\Time9_10\EWARM\Time9_10\Obj\stm32f4xx_hal_flash_ex.o
#        D:\kkaengji\stm32f405rg\Time9_10\EWARM\Time9_10\Obj\stm32f4xx_hal_flash_ramfunc.o
#        D:\kkaengji\stm32f405rg\Time9_10\EWARM\Time9_10\Obj\stm32f4xx_hal_gpio.o
#        D:\kkaengji\stm32f405rg\Time9_10\EWARM\Time9_10\Obj\stm32f4xx_hal_msp.o
#        D:\kkaengji\stm32f405rg\Time9_10\EWARM\Time9_10\Obj\stm32f4xx_hal_pwr.o
#        D:\kkaengji\stm32f405rg\Time9_10\EWARM\Time9_10\Obj\stm32f4xx_hal_pwr_ex.o
#        D:\kkaengji\stm32f405rg\Time9_10\EWARM\Time9_10\Obj\stm32f4xx_hal_rcc.o
#        D:\kkaengji\stm32f405rg\Time9_10\EWARM\Time9_10\Obj\stm32f4xx_hal_rcc_ex.o
#        D:\kkaengji\stm32f405rg\Time9_10\EWARM\Time9_10\Obj\stm32f4xx_hal_tim.o
#        D:\kkaengji\stm32f405rg\Time9_10\EWARM\Time9_10\Obj\stm32f4xx_hal_tim_ex.o
#        D:\kkaengji\stm32f405rg\Time9_10\EWARM\Time9_10\Obj\stm32f4xx_it.o
#        D:\kkaengji\stm32f405rg\Time9_10\EWARM\Time9_10\Obj\system_stm32f4xx.o
#        D:\kkaengji\stm32f405rg\Time9_10\EWARM\Time9_10\Obj\tim.o --redirect
#        _Printf=_PrintfFull --redirect _Scanf=_ScanfFull --no_out_extension -o
#        D:\kkaengji\stm32f405rg\Time9_10\EWARM\Time9_10\Exe\Time9_10.out --map
#        D:\kkaengji\stm32f405rg\Time9_10\EWARM\Time9_10\List\Time9_10.map
#        --config D:\kkaengji\stm32f405rg\Time9_10\EWARM/stm32f405xx_flash.icf
#        --semihosting --entry __iar_program_start --vfe --text_out locale)
#
###############################################################################

*******************************************************************************
*** RUNTIME MODEL ATTRIBUTES
***

CppFlavor       = *
__SystemLibrary = DLib
__dlib_version  = 6


*******************************************************************************
*** HEAP SELECTION
***

The basic heap was selected because no calls to memory allocation
functions were found in the application outside of system library
functions, and there are calls to deallocation functions in the
application.


*******************************************************************************
*** PLACEMENT SUMMARY
***

"A0":  place at address 0x800'0000 { ro section .intvec };
"P1":  place in [from 0x800'0000 to 0x80f'ffff] { ro };
define block CSTACK with size = 1K, alignment = 8 { };
define block HEAP with size = 512, alignment = 8 { };
"P2":  place in [from 0x2000'0000 to 0x2001'ffff] {
          rw, block CSTACK, block HEAP };
initialize by copy { rw };

  Section            Kind         Address    Size  Object
  -------            ----         -------    ----  ------
"A0":                                       0x188
  .intvec            ro code   0x800'0000   0x188  startup_stm32f405xx.o [1]
                             - 0x800'0188   0x188

"P1":                                      0x1270
  .text              ro code   0x800'0188   0x394  stm32f4xx_hal_tim.o [1]
  .text              ro code   0x800'051c    0xec  tim.o [1]
  .text              ro code   0x800'0608     0x2  stm32f4xx_hal_tim.o [1]
  .text              ro code   0x800'060a     0x2  stm32f4xx_hal_tim.o [1]
  .text              ro code   0x800'060c   0x106  main.o [1]
  .text              ro code   0x800'0712     0x2  stm32f4xx_hal_tim_ex.o [1]
  .text              ro code   0x800'0714     0x2  stm32f4xx_hal_tim.o [1]
  .text              ro code   0x800'0716     0x2  stm32f4xx_hal_tim_ex.o [1]
  .text              ro code   0x800'0718     0x2  stm32f4xx_hal_tim.o [1]
  .text              ro code   0x800'071a    0x14  memset.o [4]
  .text              ro code   0x800'072e    0x3a  zero_init3.o [4]
  .text              ro code   0x800'0768    0xc4  stm32f4xx_hal_cortex.o [1]
  .text              ro code   0x800'082c    0x34  stm32f4xx_hal.o [1]
  .text              ro code   0x800'0860    0x7c  gpio.o [1]
  .text              ro code   0x800'08dc   0x310  stm32f4xx_hal_rcc.o [1]
  .text              ro code   0x800'0bec   0x180  stm32f4xx_hal_rcc.o [1]
  .text              ro code   0x800'0d6c   0x1f0  stm32f4xx_hal_gpio.o [1]
  .text              ro code   0x800'0f5c    0x66  ABImemset.o [4]
  .text              ro code   0x800'0fc2    0x2e  copy_init3.o [4]
  .text              ro code   0x800'0ff0    0x40  stm32f4xx_hal.o [1]
  .text              ro code   0x800'1030    0x38  stm32f4xx_hal_msp.o [1]
  .text              ro code   0x800'1068     0xc  stm32f4xx_hal.o [1]
  .text              ro code   0x800'1074   0x106  I64DivMod_small.o [4]
  .text              ro code   0x800'117c     0x2  I64DivZer.o [4]
  .text              ro code   0x800'1180    0x2c  system_stm32f4xx.o [1]
  .text              ro code   0x800'11ac    0x28  stm32f4xx_it.o [1]
  .text              ro code   0x800'11d4    0x10  stm32f4xx_hal.o [1]
  .text              ro code   0x800'11e4    0x28  data_init.o [4]
  .text              ro code   0x800'120c    0x22  fpinit_M.o [3]
  .iar.init_table    const     0x800'1230    0x24  - Linker created -
  .text              ro code   0x800'1254    0x1e  cmain.o [4]
  .text              ro code   0x800'1272     0x4  low_level_init.o [2]
  .text              ro code   0x800'1276     0x4  exit.o [2]
  .text              ro code   0x800'127c     0xa  cexit.o [4]
  .text              ro code   0x800'1288    0x14  exit.o [5]
  .text              ro code   0x800'129c    0x10  startup_stm32f405xx.o [1]
  Initializer bytes  const     0x800'12ac    0x10  <for P2-1>
  .text              ro code   0x800'12bc     0xc  cstartup_M.o [4]
  .text              ro code   0x800'12c8     0x4  startup_stm32f405xx.o [1]
  .text              ro code   0x800'12cc     0x4  startup_stm32f405xx.o [1]
  .text              ro code   0x800'12d0     0x4  startup_stm32f405xx.o [1]
  .text              ro code   0x800'12d4     0x4  startup_stm32f405xx.o [1]
  .text              ro code   0x800'12d8     0x4  startup_stm32f405xx.o [1]
  .text              ro code   0x800'12dc     0x4  startup_stm32f405xx.o [1]
  .text              ro code   0x800'12e0     0x4  startup_stm32f405xx.o [1]
  .text              ro code   0x800'12e4     0x4  startup_stm32f405xx.o [1]
  .text              ro code   0x800'12e8     0x4  startup_stm32f405xx.o [1]
  .text              ro code   0x800'12ec     0x4  startup_stm32f405xx.o [1]
  .text              ro code   0x800'12f0     0x4  startup_stm32f405xx.o [1]
  .text              ro code   0x800'12f4     0x4  startup_stm32f405xx.o [1]
  .text              ro code   0x800'12f8     0x4  startup_stm32f405xx.o [1]
  .text              ro code   0x800'12fc     0x4  startup_stm32f405xx.o [1]
  .text              ro code   0x800'1300     0x4  startup_stm32f405xx.o [1]
  .text              ro code   0x800'1304     0x4  startup_stm32f405xx.o [1]
  .text              ro code   0x800'1308     0x4  startup_stm32f405xx.o [1]
  .text              ro code   0x800'130c     0x4  startup_stm32f405xx.o [1]
  .text              ro code   0x800'1310     0x4  startup_stm32f405xx.o [1]
  .text              ro code   0x800'1314     0x4  startup_stm32f405xx.o [1]
  .text              ro code   0x800'1318     0x4  startup_stm32f405xx.o [1]
  .text              ro code   0x800'131c     0x4  startup_stm32f405xx.o [1]
  .text              ro code   0x800'1320     0x4  startup_stm32f405xx.o [1]
  .text              ro code   0x800'1324     0x4  startup_stm32f405xx.o [1]
  .text              ro code   0x800'1328     0x4  startup_stm32f405xx.o [1]
  .text              ro code   0x800'132c     0x4  startup_stm32f405xx.o [1]
  .text              ro code   0x800'1330     0x4  startup_stm32f405xx.o [1]
  .text              ro code   0x800'1334     0x4  startup_stm32f405xx.o [1]
  .text              ro code   0x800'1338     0x4  startup_stm32f405xx.o [1]
  .text              ro code   0x800'133c     0x4  startup_stm32f405xx.o [1]
  .text              ro code   0x800'1340     0x4  startup_stm32f405xx.o [1]
  .text              ro code   0x800'1344     0x4  startup_stm32f405xx.o [1]
  .text              ro code   0x800'1348     0x4  startup_stm32f405xx.o [1]
  .text              ro code   0x800'134c     0x4  startup_stm32f405xx.o [1]
  .text              ro code   0x800'1350     0x4  startup_stm32f405xx.o [1]
  .text              ro code   0x800'1354     0x4  startup_stm32f405xx.o [1]
  .text              ro code   0x800'1358     0x4  startup_stm32f405xx.o [1]
  .text              ro code   0x800'135c     0x4  startup_stm32f405xx.o [1]
  .text              ro code   0x800'1360     0x4  startup_stm32f405xx.o [1]
  .text              ro code   0x800'1364     0x4  startup_stm32f405xx.o [1]
  .text              ro code   0x800'1368     0x4  startup_stm32f405xx.o [1]
  .text              ro code   0x800'136c     0x4  startup_stm32f405xx.o [1]
  .text              ro code   0x800'1370     0x4  startup_stm32f405xx.o [1]
  .text              ro code   0x800'1374     0x4  startup_stm32f405xx.o [1]
  .text              ro code   0x800'1378     0x4  startup_stm32f405xx.o [1]
  .text              ro code   0x800'137c     0x4  startup_stm32f405xx.o [1]
  .text              ro code   0x800'1380     0x4  startup_stm32f405xx.o [1]
  .text              ro code   0x800'1384     0x4  startup_stm32f405xx.o [1]
  .text              ro code   0x800'1388     0x4  startup_stm32f405xx.o [1]
  .text              ro code   0x800'138c     0x4  startup_stm32f405xx.o [1]
  .text              ro code   0x800'1390     0x4  startup_stm32f405xx.o [1]
  .text              ro code   0x800'1394     0x4  startup_stm32f405xx.o [1]
  .text              ro code   0x800'1398     0x4  startup_stm32f405xx.o [1]
  .text              ro code   0x800'139c     0x4  startup_stm32f405xx.o [1]
  .text              ro code   0x800'13a0     0x4  startup_stm32f405xx.o [1]
  .text              ro code   0x800'13a4     0x4  startup_stm32f405xx.o [1]
  .text              ro code   0x800'13a8     0x4  startup_stm32f405xx.o [1]
  .text              ro code   0x800'13ac     0x4  startup_stm32f405xx.o [1]
  .text              ro code   0x800'13b0     0x4  startup_stm32f405xx.o [1]
  .text              ro code   0x800'13b4     0x4  startup_stm32f405xx.o [1]
  .text              ro code   0x800'13b8     0x4  startup_stm32f405xx.o [1]
  .text              ro code   0x800'13bc     0x4  startup_stm32f405xx.o [1]
  .text              ro code   0x800'13c0     0x4  startup_stm32f405xx.o [1]
  .text              ro code   0x800'13c4     0x4  startup_stm32f405xx.o [1]
  .text              ro code   0x800'13c8     0x4  startup_stm32f405xx.o [1]
  .text              ro code   0x800'13cc     0x4  startup_stm32f405xx.o [1]
  .text              ro code   0x800'13d0     0x4  startup_stm32f405xx.o [1]
  .text              ro code   0x800'13d4     0x4  startup_stm32f405xx.o [1]
  .text              ro code   0x800'13d8     0x4  startup_stm32f405xx.o [1]
  .text              ro code   0x800'13dc     0x4  startup_stm32f405xx.o [1]
  .text              ro code   0x800'13e0     0x4  startup_stm32f405xx.o [1]
  .text              ro code   0x800'13e4     0x4  startup_stm32f405xx.o [1]
  .text              ro code   0x800'13e8     0x4  startup_stm32f405xx.o [1]
  .text              ro code   0x800'13ec     0x4  startup_stm32f405xx.o [1]
  .text              ro code   0x800'13f0     0x4  startup_stm32f405xx.o [1]
  .text              ro code   0x800'13f4     0x4  startup_stm32f405xx.o [1]
  .rodata            const     0x800'13f8     0x0  zero_init3.o [4]
  .rodata            const     0x800'13f8     0x0  copy_init3.o [4]
                             - 0x800'13f8  0x1270

"P2", part 1 of 3:                           0x10
  P2-1                        0x2000'0000    0x10  <Init block>
    .data            inited   0x2000'0000     0xc  stm32f4xx_hal.o [1]
    .data            inited   0x2000'000c     0x4  system_stm32f4xx.o [1]
                            - 0x2000'0010    0x10

"P2", part 2 of 3:                           0x80
  .bss               zero     0x2000'0010    0x40  tim.o [1]
  .bss               zero     0x2000'0050    0x40  tim.o [1]
                            - 0x2000'0090    0x80

"P2", part 3 of 3:                          0x400
  CSTACK                      0x2000'0090   0x400  <Block>
    CSTACK           uninit   0x2000'0090   0x400  <Block tail>
                            - 0x2000'0490   0x400

Unused ranges:

         From           To      Size
         ----           --      ----
   0x800'13f8   0x80f'ffff  0xf'ec08
  0x2000'0490  0x2001'ffff  0x1'fb70


*******************************************************************************
*** INIT TABLE
***

          Address      Size
          -------      ----
Zero (__iar_zero_init3)
    1 destination range, total size 0x80:
          0x2000'0010  0x80

Copy (__iar_copy_init3)
    1 source range, total size 0x10:
           0x800'12ac  0x10
    1 destination range, total size 0x10:
          0x2000'0000  0x10



*******************************************************************************
*** MODULE SUMMARY
***

    Module                  ro code  ro data  rw data
    ------                  -------  -------  -------
command line/config:
    -------------------------------------------------
    Total:

D:\kkaengji\stm32f405rg\Time9_10\EWARM\Time9_10\Obj: [1]
    gpio.o                      124
    main.o                      262
    startup_stm32f405xx.o       712
    stm32f4xx_hal.o             144       12       12
    stm32f4xx_hal_cortex.o      196
    stm32f4xx_hal_gpio.o        496
    stm32f4xx_hal_msp.o          56
    stm32f4xx_hal_rcc.o       1'168
    stm32f4xx_hal_tim.o         924
    stm32f4xx_hal_tim_ex.o        4
    stm32f4xx_it.o               40
    system_stm32f4xx.o           44        4        4
    tim.o                       236               128
    -------------------------------------------------
    Total:                    4'406       16      144

dl7M_tln.a: [2]
    exit.o                        4
    low_level_init.o              4
    -------------------------------------------------
    Total:                        8

m7M_tls.a: [3]
    fpinit_M.o                   34
    -------------------------------------------------
    Total:                       34

rt7M_tl.a: [4]
    ABImemset.o                 102
    I64DivMod_small.o           262
    I64DivZer.o                   2
    cexit.o                      10
    cmain.o                      30
    copy_init3.o                 46
    cstartup_M.o                 12
    data_init.o                  40
    memset.o                     20
    zero_init3.o                 58
    -------------------------------------------------
    Total:                      582

shb_l.a: [5]
    exit.o                       20
    -------------------------------------------------
    Total:                       20

    Gaps                          8        2
    Linker created                        36    1'024
-----------------------------------------------------
    Grand Total:              5'058       54    1'168


*******************************************************************************
*** ENTRY LIST
***

Entry                       Address   Size  Type      Object
-----                       -------   ----  ----      ------
.iar.init_table$$Base    0x800'1230          --   Gb  - Linker created -
.iar.init_table$$Limit   0x800'1254          --   Gb  - Linker created -
?main                    0x800'1255         Code  Gb  cmain.o [4]
AHBPrescTable            0x800'119c   0x10  Data  Gb  system_stm32f4xx.o [1]
BusFault_Handler         0x800'11b3    0x2  Code  Gb  stm32f4xx_it.o [1]
CSTACK$$Base            0x2000'0090          --   Gb  - Linker created -
CSTACK$$Limit           0x2000'0490          --   Gb  - Linker created -
DebugMon_Handler         0x800'11b9    0x2  Code  Gb  stm32f4xx_it.o [1]
Error_Handler            0x800'0711    0x2  Code  Gb  main.o [1]
HAL_GPIO_Init            0x800'0d6d  0x1ae  Code  Gb  stm32f4xx_hal_gpio.o [1]
HAL_GPIO_TogglePin       0x800'0f23    0xe  Code  Gb  stm32f4xx_hal_gpio.o [1]
HAL_GPIO_WritePin        0x800'0f1b    0x8  Code  Gb  stm32f4xx_hal_gpio.o [1]
HAL_GetTick              0x800'1069    0xc  Code  Wk  stm32f4xx_hal.o [1]
HAL_IncTick              0x800'11d5   0x10  Code  Wk  stm32f4xx_hal.o [1]
HAL_Init                 0x800'082d   0x30  Code  Gb  stm32f4xx_hal.o [1]
HAL_InitTick             0x800'0ff1   0x40  Code  Wk  stm32f4xx_hal.o [1]
HAL_MspInit              0x800'1031   0x38  Code  Gb  stm32f4xx_hal_msp.o [1]
HAL_NVIC_EnableIRQ       0x800'07d7   0x16  Code  Gb  stm32f4xx_hal_cortex.o [1]
HAL_NVIC_SetPriority     0x800'079d   0x3a  Code  Gb  stm32f4xx_hal_cortex.o [1]
HAL_NVIC_SetPriorityGrouping
                         0x800'0783   0x1a  Code  Gb  stm32f4xx_hal_cortex.o [1]
HAL_RCC_ClockConfig      0x800'0bed  0x100  Code  Gb  stm32f4xx_hal_rcc.o [1]
HAL_RCC_OscConfig        0x800'08dd  0x310  Code  Wk  stm32f4xx_hal_rcc.o [1]
HAL_SYSTICK_Config       0x800'07ed   0x28  Code  Gb  stm32f4xx_hal_cortex.o [1]
HAL_TIMEx_BreakCallback
                         0x800'0713    0x2  Code  Wk  stm32f4xx_hal_tim_ex.o [1]
HAL_TIMEx_CommutCallback
                         0x800'0717    0x2  Code  Wk  stm32f4xx_hal_tim_ex.o [1]
HAL_TIM_Base_Init        0x800'0189   0x1a  Code  Gb  stm32f4xx_hal_tim.o [1]
HAL_TIM_Base_MspInit     0x800'0591   0x62  Code  Gb  tim.o [1]
HAL_TIM_Base_Start_IT    0x800'01a3   0x20  Code  Gb  stm32f4xx_hal_tim.o [1]
HAL_TIM_ConfigClockSource
                         0x800'032f   0x90  Code  Gb  stm32f4xx_hal_tim.o [1]
HAL_TIM_IRQHandler       0x800'01e7  0x142  Code  Gb  stm32f4xx_hal_tim.o [1]
HAL_TIM_PeriodElapsedCallback
                         0x800'06c7   0x2c  Code  Gb  main.o [1]
HardFault_Handler        0x800'11af    0x2  Code  Gb  stm32f4xx_it.o [1]
MX_GPIO_Init             0x800'0861   0x7c  Code  Gb  gpio.o [1]
MX_TIM10_Init            0x800'0565   0x2c  Code  Gb  tim.o [1]
MX_TIM9_Init             0x800'051d   0x48  Code  Gb  tim.o [1]
MemManage_Handler        0x800'11b1    0x2  Code  Gb  stm32f4xx_it.o [1]
NMI_Handler              0x800'11ad    0x2  Code  Gb  stm32f4xx_it.o [1]
PendSV_Handler           0x800'11bb    0x2  Code  Gb  stm32f4xx_it.o [1]
Region$$Table$$Base      0x800'1230          --   Gb  - Linker created -
Region$$Table$$Limit     0x800'1254          --   Gb  - Linker created -
SVC_Handler              0x800'11b7    0x2  Code  Gb  stm32f4xx_it.o [1]
SysTick_Handler          0x800'11bd    0x4  Code  Gb  stm32f4xx_it.o [1]
SystemClock_Config       0x800'0631   0x96  Code  Gb  main.o [1]
SystemCoreClock         0x2000'000c    0x4  Data  Gb  system_stm32f4xx.o [1]
SystemInit               0x800'1181   0x14  Code  Gb  system_stm32f4xx.o [1]
TIM1_BRK_TIM9_IRQHandler
                         0x800'11c1    0x6  Code  Gb  stm32f4xx_it.o [1]
TIM1_UP_TIM10_IRQHandler
                         0x800'11c7    0x6  Code  Gb  stm32f4xx_it.o [1]
TIM_Base_SetConfig       0x800'03e9   0x96  Code  Gb  stm32f4xx_hal_tim.o [1]
TIM_ETR_SetConfig        0x800'0503   0x14  Code  Gb  stm32f4xx_hal_tim.o [1]
TIM_ITRx_SetConfig       0x800'04f3   0x10  Code  Lc  stm32f4xx_hal_tim.o [1]
TIM_TI1_ConfigInputStage
                         0x800'04b1   0x1e  Code  Lc  stm32f4xx_hal_tim.o [1]
TIM_TI2_ConfigInputStage
                         0x800'04cf   0x24  Code  Lc  stm32f4xx_hal_tim.o [1]
UsageFault_Handler       0x800'11b5    0x2  Code  Gb  stm32f4xx_it.o [1]
__NVIC_SetPriority       0x800'0769   0x1a  Code  Lc  stm32f4xx_hal_cortex.o [1]
__aeabi_ldiv0            0x800'117d         Code  Gb  I64DivZer.o [4]
__aeabi_memset           0x800'0f5d         Code  Gb  ABImemset.o [4]
__cmain                  0x800'1255         Code  Gb  cmain.o [4]
__exit                   0x800'1289   0x14  Code  Gb  exit.o [5]
__iar_Memset             0x800'0f5d         Code  Gb  ABImemset.o [4]
__iar_Memset_word        0x800'0f65         Code  Gb  ABImemset.o [4]
__iar_copy_init3         0x800'0fc3   0x2e  Code  Gb  copy_init3.o [4]
__iar_data_init3         0x800'11e5   0x28  Code  Gb  data_init.o [4]
__iar_init_vfp           0x800'120d         Code  Gb  fpinit_M.o [3]
__iar_program_start      0x800'12bd         Code  Gb  cstartup_M.o [4]
__iar_small_uldivmod     0x800'1075         Code  Gb  I64DivMod_small.o [4]
__iar_zero_init3         0x800'072f   0x3a  Code  Gb  zero_init3.o [4]
__low_level_init         0x800'1273    0x4  Code  Gb  low_level_init.o [2]
__vector_table           0x800'0000         Data  Gb  startup_stm32f405xx.o [1]
_call_main               0x800'1261         Code  Gb  cmain.o [4]
_exit                    0x800'127d         Code  Gb  cexit.o [4]
_main                    0x800'126f         Code  Gb  cmain.o [4]
exit                     0x800'1277    0x4  Code  Gb  exit.o [2]
htim10                  0x2000'0050   0x40  Data  Gb  tim.o [1]
htim9                   0x2000'0010   0x40  Data  Gb  tim.o [1]
main                     0x800'060d   0x24  Code  Gb  main.o [1]
memset                   0x800'071b   0x14  Code  Gb  memset.o [4]
uwTick                  0x2000'0004    0x4  Data  Gb  stm32f4xx_hal.o [1]
uwTickFreq              0x2000'0000    0x1  Data  Gb  stm32f4xx_hal.o [1]
uwTickPrio              0x2000'0008    0x4  Data  Gb  stm32f4xx_hal.o [1]


[1] = D:\kkaengji\stm32f405rg\Time9_10\EWARM\Time9_10\Obj
[2] = dl7M_tln.a
[3] = m7M_tls.a
[4] = rt7M_tl.a
[5] = shb_l.a

  5'058 bytes of readonly  code memory
     54 bytes of readonly  data memory
  1'168 bytes of readwrite data memory

Errors: none
Warnings: none
